Component: ARM Compiler 5.06 update 4 (build 422) Tool: armlink [4d35d2]

==============================================================================

Section Cross References

    usbd_msc_scsi.o(i.SCSI_CheckAddressRange) refers to usbd_msc_scsi.o(i.SCSI_SenseCode) for SCSI_SenseCode
    usbd_msc_scsi.o(i.SCSI_ProcessCmd) refers to usbd_msc_scsi.o(i.SCSI_SenseCode) for SCSI_SenseCode
    usbd_msc_scsi.o(i.SCSI_ProcessCmd) refers to usbd_msc_scsi.o(i.SCSI_ReadFormatCapacity) for SCSI_ReadFormatCapacity
    usbd_msc_scsi.o(i.SCSI_ProcessCmd) refers to usbd_msc_scsi.o(i.SCSI_ReadCapacity10) for SCSI_ReadCapacity10
    usbd_msc_scsi.o(i.SCSI_ProcessCmd) refers to usbd_msc_scsi.o(i.SCSI_Read10) for SCSI_Read10
    usbd_msc_scsi.o(i.SCSI_ProcessCmd) refers to usbd_msc_scsi.o(i.SCSI_Write10) for SCSI_Write10
    usbd_msc_scsi.o(i.SCSI_ProcessCmd) refers to usbd_msc_scsi.o(i.SCSI_CheckAddressRange) for SCSI_CheckAddressRange
    usbd_msc_scsi.o(i.SCSI_ProcessCmd) refers to usbd_msc_data.o(.constdata) for MSC_Page00_Inquiry_Data
    usbd_msc_scsi.o(i.SCSI_ProcessCmd) refers to usbd_msc_data.o(.constdata) for MSC_Mode_Sense6_data
    usbd_msc_scsi.o(i.SCSI_ProcessCmd) refers to usbd_msc_data.o(.constdata) for MSC_Mode_Sense10_data
    usbd_msc_scsi.o(i.SCSI_ProcessRead) refers to usbd_msc_scsi.o(i.SCSI_SenseCode) for SCSI_SenseCode
    usbd_msc_scsi.o(i.SCSI_ProcessRead) refers to usbd_conf.o(i.USBD_LL_Transmit) for USBD_LL_Transmit
    usbd_msc_scsi.o(i.SCSI_ProcessWrite) refers to usbd_msc_scsi.o(i.SCSI_SenseCode) for SCSI_SenseCode
    usbd_msc_scsi.o(i.SCSI_ProcessWrite) refers to usbd_conf.o(i.USBD_LL_PrepareReceive) for USBD_LL_PrepareReceive
    usbd_msc_scsi.o(i.SCSI_ProcessWrite) refers to usbd_msc_bot.o(i.MSC_BOT_SendCSW) for MSC_BOT_SendCSW
    usbd_msc_scsi.o(i.SCSI_Read10) refers to usbd_msc_scsi.o(i.SCSI_SenseCode) for SCSI_SenseCode
    usbd_msc_scsi.o(i.SCSI_Read10) refers to usbd_msc_scsi.o(i.SCSI_CheckAddressRange) for SCSI_CheckAddressRange
    usbd_msc_scsi.o(i.SCSI_Read10) refers to usbd_msc_scsi.o(i.SCSI_ProcessRead) for SCSI_ProcessRead
    usbd_msc_scsi.o(i.SCSI_ReadCapacity10) refers to usbd_msc_scsi.o(i.SCSI_SenseCode) for SCSI_SenseCode
    usbd_msc_scsi.o(i.SCSI_ReadFormatCapacity) refers to usbd_msc_scsi.o(i.SCSI_SenseCode) for SCSI_SenseCode
    usbd_msc_scsi.o(i.SCSI_Write10) refers to usbd_msc_scsi.o(i.SCSI_ProcessWrite) for SCSI_ProcessWrite
    usbd_msc_scsi.o(i.SCSI_Write10) refers to usbd_msc_scsi.o(i.SCSI_SenseCode) for SCSI_SenseCode
    usbd_msc_scsi.o(i.SCSI_Write10) refers to usbd_msc_scsi.o(i.SCSI_CheckAddressRange) for SCSI_CheckAddressRange
    usbd_msc_scsi.o(i.SCSI_Write10) refers to usbd_conf.o(i.USBD_LL_PrepareReceive) for USBD_LL_PrepareReceive
    usbd_msc.o(i.USBD_MSC_DataIn) refers to usbd_msc_bot.o(i.MSC_BOT_DataIn) for MSC_BOT_DataIn
    usbd_msc.o(i.USBD_MSC_DataOut) refers to usbd_msc_bot.o(i.MSC_BOT_DataOut) for MSC_BOT_DataOut
    usbd_msc.o(i.USBD_MSC_DeInit) refers to usbd_conf.o(i.USBD_LL_CloseEP) for USBD_LL_CloseEP
    usbd_msc.o(i.USBD_MSC_DeInit) refers to usbd_msc_bot.o(i.MSC_BOT_DeInit) for MSC_BOT_DeInit
    usbd_msc.o(i.USBD_MSC_DeInit) refers to malloc.o(i.free) for free
    usbd_msc.o(i.USBD_MSC_GetDeviceQualifierDescriptor) refers to usbd_msc.o(.data) for .data
    usbd_msc.o(i.USBD_MSC_GetFSCfgDesc) refers to usbd_msc.o(.data) for .data
    usbd_msc.o(i.USBD_MSC_GetHSCfgDesc) refers to usbd_msc.o(.data) for .data
    usbd_msc.o(i.USBD_MSC_GetOtherSpeedCfgDesc) refers to usbd_msc.o(.data) for .data
    usbd_msc.o(i.USBD_MSC_Init) refers to usbd_conf.o(i.USBD_LL_OpenEP) for USBD_LL_OpenEP
    usbd_msc.o(i.USBD_MSC_Init) refers to malloc.o(i.malloc) for malloc
    usbd_msc.o(i.USBD_MSC_Init) refers to usbd_msc_bot.o(i.MSC_BOT_Init) for MSC_BOT_Init
    usbd_msc.o(i.USBD_MSC_Setup) refers to usbd_msc_bot.o(i.MSC_BOT_Reset) for MSC_BOT_Reset
    usbd_msc.o(i.USBD_MSC_Setup) refers to usbd_ctlreq.o(i.USBD_CtlError) for USBD_CtlError
    usbd_msc.o(i.USBD_MSC_Setup) refers to usbd_ioreq.o(i.USBD_CtlSendData) for USBD_CtlSendData
    usbd_msc.o(i.USBD_MSC_Setup) refers to usbd_conf.o(i.USBD_LL_FlushEP) for USBD_LL_FlushEP
    usbd_msc.o(i.USBD_MSC_Setup) refers to usbd_conf.o(i.USBD_LL_CloseEP) for USBD_LL_CloseEP
    usbd_msc.o(i.USBD_MSC_Setup) refers to usbd_conf.o(i.USBD_LL_OpenEP) for USBD_LL_OpenEP
    usbd_msc.o(i.USBD_MSC_Setup) refers to usbd_msc_bot.o(i.MSC_BOT_CplClrFeature) for MSC_BOT_CplClrFeature
    usbd_msc.o(.data) refers to usbd_msc.o(i.USBD_MSC_Init) for USBD_MSC_Init
    usbd_msc.o(.data) refers to usbd_msc.o(i.USBD_MSC_DeInit) for USBD_MSC_DeInit
    usbd_msc.o(.data) refers to usbd_msc.o(i.USBD_MSC_Setup) for USBD_MSC_Setup
    usbd_msc.o(.data) refers to usbd_msc.o(i.USBD_MSC_DataIn) for USBD_MSC_DataIn
    usbd_msc.o(.data) refers to usbd_msc.o(i.USBD_MSC_DataOut) for USBD_MSC_DataOut
    usbd_msc.o(.data) refers to usbd_msc.o(i.USBD_MSC_GetHSCfgDesc) for USBD_MSC_GetHSCfgDesc
[...]
    __lit__00000000                          0x08000198   Data           4  entry2.o(.ARM.Collect$$$$00002712)
    .text                                    0x0800019c   Section       36  startup_stm32f405xx.o(.text)
    $v0                                      0x0800019c   Number         0  startup_stm32f405xx.o(.text)
    .text                                    0x080001c0   Section        0  memcpya.o(.text)
    .text                                    0x080001e4   Section       36  init.o(.text)
    i.BusFault_Handler                       0x08000208   Section        0  stm32f4xx_it.o(i.BusFault_Handler)
    i.DebugMon_Handler                       0x0800020a   Section        0  stm32f4xx_it.o(i.DebugMon_Handler)
    i.FATFS_LinkDriver                       0x0800020c   Section        0  ff_gen_drv.o(i.FATFS_LinkDriver)
    i.FATFS_LinkDriverEx                     0x08000214   Section        0  ff_gen_drv.o(i.FATFS_LinkDriverEx)
    i.HAL_CRC_Init                           0x08000254   Section        0  stm32f4xx_hal_crc.o(i.HAL_CRC_Init)
    i.HAL_CRC_MspInit                        0x0800027c   Section        0  stm32f4xx_hal_msp.o(i.HAL_CRC_MspInit)
    i.HAL_Delay                              0x080002a4   Section        0  stm32f4xx_hal.o(i.HAL_Delay)
    i.HAL_GPIO_Init                          0x080002c0   Section        0  stm32f4xx_hal_gpio.o(i.HAL_GPIO_Init)
    i.HAL_GPIO_WritePin                      0x08000470   Section        0  stm32f4xx_hal_gpio.o(i.HAL_GPIO_WritePin)
    i.HAL_GetTick                            0x0800047c   Section        0  stm32f4xx_hal.o(i.HAL_GetTick)
    i.HAL_IncTick                            0x08000488   Section        0  stm32f4xx_hal.o(i.HAL_IncTick)
    i.HAL_Init                               0x08000498   Section        0  stm32f4xx_hal.o(i.HAL_Init)
    i.HAL_InitTick                           0x080004cc   Section        0  stm32f4xx_hal.o(i.HAL_InitTick)
    i.HAL_MspInit                            0x080004f4   Section        0  stm32f4xx_hal_msp.o(i.HAL_MspInit)
    i.HAL_NVIC_EnableIRQ                     0x0800054c   Section        0  stm32f4xx_hal_cortex.o(i.HAL_NVIC_EnableIRQ)
    i.HAL_NVIC_SetPriority                   0x08000564   Section        0  stm32f4xx_hal_cortex.o(i.HAL_NVIC_SetPriority)
    i.HAL_NVIC_SetPriorityGrouping           0x080005a4   Section        0  stm32f4xx_hal_cortex.o(i.HAL_NVIC_SetPriorityGrouping)
    i.HAL_PCDEx_SetRxFiFo                    0x080005c8   Section        0  stm32f4xx_hal_pcd_ex.o(i.HAL_PCDEx_SetRxFiFo)
    i.HAL_PCDEx_SetTxFiFo                    0x080005d0   Section        0  stm32f4xx_hal_pcd_ex.o(i.HAL_PCDEx_SetTxFiFo)
    i.HAL_PCD_ConnectCallback                0x08000614   Section        0  usbd_conf.o(i.HAL_PCD_ConnectCallback)
    i.HAL_PCD_DataInStageCallback            0x0800061c   Section        0  usbd_conf.o(i.HAL_PCD_DataInStageCallback)
    i.HAL_PCD_DataOutStageCallback           0x0800062e   Section        0  usbd_conf.o(i.HAL_PCD_DataOutStageCallback)
    i.HAL_PCD_DisconnectCallback             0x08000642   Section        0  usbd_conf.o(i.HAL_PCD_DisconnectCallback)
    i.HAL_PCD_EP_Close                       0x0800064a   Section        0  stm32f4xx_hal_pcd.o(i.HAL_PCD_EP_Close)
    i.HAL_PCD_EP_ClrStall                    0x0800068e   Section        0  stm32f4xx_hal_pcd.o(i.HAL_PCD_EP_ClrStall)
    i.HAL_PCD_EP_Flush                       0x080006de   Section        0  stm32f4xx_hal_pcd.o(i.HAL_PCD_EP_Flush)
    i.HAL_PCD_EP_GetRxCount                  0x08000712   Section        0  stm32f4xx_hal_pcd.o(i.HAL_PCD_EP_GetRxCount)
    i.HAL_PCD_EP_Open                        0x08000726   Section        0  stm32f4xx_hal_pcd.o(i.HAL_PCD_EP_Open)
    i.HAL_PCD_EP_Receive                     0x0800077a   Section        0  stm32f4xx_hal_pcd.o(i.HAL_PCD_EP_Receive)
    i.HAL_PCD_EP_SetStall                    0x080007c2   Section        0  stm32f4xx_hal_pcd.o(i.HAL_PCD_EP_SetStall)
    i.HAL_PCD_EP_Transmit                    0x08000822   Section        0  stm32f4xx_hal_pcd.o(i.HAL_PCD_EP_Transmit)
    i.HAL_PCD_IRQHandler                     0x08000864   Section        0  stm32f4xx_hal_pcd.o(i.HAL_PCD_IRQHandler)
    i.HAL_PCD_ISOINIncompleteCallback        0x08000d58   Section        0  usbd_conf.o(i.HAL_PCD_ISOINIncompleteCallback)
    i.HAL_PCD_ISOOUTIncompleteCallback       0x08000d60   Section        0  usbd_conf.o(i.HAL_PCD_ISOOUTIncompleteCallback)
    i.HAL_PCD_Init                           0x08000d68   Section        0  stm32f4xx_hal_pcd.o(i.HAL_PCD_Init)
    i.HAL_PCD_MspInit                        0x08000e28   Section        0  usbd_conf.o(i.HAL_PCD_MspInit)
    i.HAL_PCD_ResetCallback                  0x08000e8c   Section        0  usbd_conf.o(i.HAL_PCD_ResetCallback)
    i.HAL_PCD_ResumeCallback                 0x08000eac   Section        0  usbd_conf.o(i.HAL_PCD_ResumeCallback)
    i.HAL_PCD_SOFCallback                    0x08000eb4   Section        0  usbd_conf.o(i.HAL_PCD_SOFCallback)
    i.HAL_PCD_SetAddress                     0x08000ebc   Section        0  stm32f4xx_hal_pcd.o(i.HAL_PCD_SetAddress)
    i.HAL_PCD_SetupStageCallback             0x08000ee0   Section        0  usbd_conf.o(i.HAL_PCD_SetupStageCallback)
    i.HAL_PCD_Start                          0x08000eee   Section        0  stm32f4xx_hal_pcd.o(i.HAL_PCD_Start)
    i.HAL_PCD_SuspendCallback                0x08000f18   Section        0  usbd_conf.o(i.HAL_PCD_SuspendCallback)
    i.HAL_RCCEx_PeriphCLKConfig              0x08000f48   Section        0  stm32f4xx_hal_rcc_ex.o(i.HAL_RCCEx_PeriphCLKConfig)
    i.HAL_RCC_CSSCallback                    0x0800109c   Section        0  stm32f4xx_hal_rcc.o(i.HAL_RCC_CSSCallback)
    i.HAL_RCC_ClockConfig                    0x080010a0   Section        0  stm32f4xx_hal_rcc.o(i.HAL_RCC_ClockConfig)
    i.HAL_RCC_EnableCSS                      0x0800121c   Section        0  stm32f4xx_hal_rcc.o(i.HAL_RCC_EnableCSS)
    i.HAL_RCC_GetHCLKFreq                    0x08001228   Section        0  stm32f4xx_hal_rcc.o(i.HAL_RCC_GetHCLKFreq)
    i.HAL_RCC_GetPCLK1Freq                   0x08001234   Section        0  stm32f4xx_hal_rcc.o(i.HAL_RCC_GetPCLK1Freq)
    i.HAL_RCC_GetPCLK2Freq                   0x08001264   Section        0  stm32f4xx_hal_rcc.o(i.HAL_RCC_GetPCLK2Freq)
    i.HAL_RCC_GetSysClockFreq                0x08001294   Section        0  stm32f4xx_hal_rcc.o(i.HAL_RCC_GetSysClockFreq)
    i.HAL_RCC_NMI_IRQHandler                 0x08001308   Section        0  stm32f4xx_hal_rcc.o(i.HAL_RCC_NMI_IRQHandler)
    i.HAL_RCC_OscConfig                      0x08001324   Section        0  stm32f4xx_hal_rcc.o(i.HAL_RCC_OscConfig)
    i.HAL_RNG_Init                           0x08001638   Section        0  stm32f4xx_hal_rng.o(i.HAL_RNG_Init)
    i.HAL_RNG_MspInit                        0x08001678   Section        0  stm32f4xx_hal_msp.o(i.HAL_RNG_MspInit)
    i.HAL_RTC_Init                           0x080016a0   Section        0  stm32f4xx_hal_rtc.o(i.HAL_RTC_Init)
    i.HAL_RTC_MspInit                        0x0800173c   Section        0  stm32f4xx_hal_msp.o(i.HAL_RTC_MspInit)
    i.HAL_SPI_Init                           0x08001754   Section        0  stm32f4xx_hal_spi.o(i.HAL_SPI_Init)
    i.HAL_SPI_MspInit                        0x080017d4   Section        0  stm32f4xx_hal_msp.o(i.HAL_SPI_MspInit)
    i.HAL_SYSTICK_CLKSourceConfig            0x08001838   Section        0  stm32f4xx_hal_cortex.o(i.HAL_SYSTICK_CLKSourceConfig)
    i.HAL_SYSTICK_Callback                   0x08001850   Section        0  stm32f4xx_hal_cortex.o(i.HAL_SYSTICK_Callback)
    i.HAL_SYSTICK_Config                     0x08001852   Section        0  stm32f4xx_hal_cortex.o(i.HAL_SYSTICK_Config)
    i.HAL_SYSTICK_IRQHandler                 0x0800187a   Section        0  stm32f4xx_hal_cortex.o(i.HAL_SYSTICK_IRQHandler)
    i.HAL_UART_Init                          0x08001882   Section        0  stm32f4xx_hal_uart.o(i.HAL_UART_Init)
    i.HAL_UART_MspInit                       0x080018e4   Section        0  stm32f4xx_hal_msp.o(i.HAL_UART_MspInit)
    i.HardFault_Handler                      0x08001930   Section        0  stm32f4xx_it.o(i.HardFault_Handler)
    i.MSC_BOT_Abort                          0x08001932   Section        0  usbd_msc_bot.o(i.MSC_BOT_Abort)
    MSC_BOT_Abort                            0x08001933   Thumb Code    66  usbd_msc_bot.o(i.MSC_BOT_Abort)
    i.MSC_BOT_CBW_Decode                     0x08001974   Section        0  usbd_msc_bot.o(i.MSC_BOT_CBW_Decode)
    MSC_BOT_CBW_Decode                       0x08001975   Thumb Code   198  usbd_msc_bot.o(i.MSC_BOT_CBW_Decode)
    i.MSC_BOT_CplClrFeature                  0x08001a40   Section        0  usbd_msc_bot.o(i.MSC_BOT_CplClrFeature)
    i.MSC_BOT_DataIn                         0x08001a6a   Section        0  usbd_msc_bot.o(i.MSC_BOT_DataIn)
    i.MSC_BOT_DataOut                        0x08001aa4   Section        0  usbd_msc_bot.o(i.MSC_BOT_DataOut)
    i.MSC_BOT_DeInit                         0x08001ade   Section        0  usbd_msc_bot.o(i.MSC_BOT_DeInit)
    i.MSC_BOT_Init                           0x08001ae8   Section        0  usbd_msc_bot.o(i.MSC_BOT_Init)
    i.MSC_BOT_Reset                          0x08001b2a   Section        0  usbd_msc_bot.o(i.MSC_BOT_Reset)
    i.MSC_BOT_SendCSW                        0x08001b40   Section        0  usbd_msc_bot.o(i.MSC_BOT_SendCSW)
    i.MX_FATFS_Init                          0x08001b7c   Section        0  fatfs.o(i.MX_FATFS_Init)
    i.MX_GPIO_Init                           0x08001b98   Section        0  main.o(i.MX_GPIO_Init)
    MX_GPIO_Init                             0x08001b99   Thumb Code   248  main.o(i.MX_GPIO_Init)
    i.MX_SPI1_Init                           0x08001ca0   Section        0  main.o(i.MX_SPI1_Init)
    MX_SPI1_Init                             0x08001ca1   Thumb Code    54  main.o(i.MX_SPI1_Init)
    i.MX_USB_DEVICE_Init                     0x08001ce0   Section        0  usb_device.o(i.MX_USB_DEVICE_Init)
    i.MemManage_Handler                      0x08001d18   Section        0  stm32f4xx_it.o(i.MemManage_Handler)
    i.NMI_Handler                            0x08001d1a   Section        0  stm32f4xx_it.o(i.NMI_Handler)
    i.NVIC_SetPriority                       0x08001d1e   Section        0  stm32f4xx_hal_cortex.o(i.NVIC_SetPriority)
    NVIC_SetPriority                         0x08001d1f   Thumb Code    32  stm32f4xx_hal_cortex.o(i.NVIC_SetPriority)
    i.OTG_FS_IRQHandler                      0x08001d40   Section        0  stm32f4xx_it.o(i.OTG_FS_IRQHandler)
    i.PCD_WriteEmptyTxFifo                   0x08001d4c   Section        0  stm32f4xx_hal_pcd.o(i.PCD_WriteEmptyTxFifo)
    PCD_WriteEmptyTxFifo                     0x08001d4d   Thumb Code   136  stm32f4xx_hal_pcd.o(i.PCD_WriteEmptyTxFifo)
    i.PendSV_Handler                         0x08001dd4   Section        0  stm32f4xx_it.o(i.PendSV_Handler)
    i.RTC_EnterInitMode                      0x08001dd8   Section        0  stm32f4xx_hal_rtc.o(i.RTC_EnterInitMode)
    i.SCSI_CheckAddressRange                 0x08001e12   Section        0  usbd_msc_scsi.o(i.SCSI_CheckAddressRange)
    SCSI_CheckAddressRange                   0x08001e13   Thumb Code    34  usbd_msc_scsi.o(i.SCSI_CheckAddressRange)
    i.SCSI_ProcessCmd                        0x08001e34   Section        0  usbd_msc_scsi.o(i.SCSI_ProcessCmd)
    i.SCSI_ProcessRead                       0x08002000   Section        0  usbd_msc_scsi.o(i.SCSI_ProcessRead)
    SCSI_ProcessRead                         0x08002001   Thumb Code   140  usbd_msc_scsi.o(i.SCSI_ProcessRead)
    i.SCSI_ProcessWrite                      0x0800208c   Section        0  usbd_msc_scsi.o(i.SCSI_ProcessWrite)
    SCSI_ProcessWrite                        0x0800208d   Thumb Code   152  usbd_msc_scsi.o(i.SCSI_ProcessWrite)
    i.SCSI_Read10                            0x08002124   Section        0  usbd_msc_scsi.o(i.SCSI_Read10)
    SCSI_Read10                              0x08002125   Thumb Code   170  usbd_msc_scsi.o(i.SCSI_Read10)
    i.SCSI_ReadCapacity10                    0x080021ce   Section        0  usbd_msc_scsi.o(i.SCSI_ReadCapacity10)
    SCSI_ReadCapacity10                      0x080021cf   Thumb Code    86  usbd_msc_scsi.o(i.SCSI_ReadCapacity10)
    i.SCSI_ReadFormatCapacity                0x08002224   Section        0  usbd_msc_scsi.o(i.SCSI_ReadFormatCapacity)
    SCSI_ReadFormatCapacity                  0x08002225   Thumb Code   110  usbd_msc_scsi.o(i.SCSI_ReadFormatCapacity)
    i.SCSI_SenseCode                         0x08002292   Section        0  usbd_msc_scsi.o(i.SCSI_SenseCode)
    i.SCSI_Write10                           0x080022c8   Section        0  usbd_msc_scsi.o(i.SCSI_Write10)
    SCSI_Write10                             0x080022c9   Thumb Code   202  usbd_msc_scsi.o(i.SCSI_Write10)
    i.STORAGE_GetCapacity_FS                 0x08002392   Section        0  usbd_storage_if.o(i.STORAGE_GetCapacity_FS)
    STORAGE_GetCapacity_FS                   0x08002393   Thumb Code    14  usbd_storage_if.o(i.STORAGE_GetCapacity_FS)
    i.STORAGE_GetMaxLun_FS                   0x080023a0   Section        0  usbd_storage_if.o(i.STORAGE_GetMaxLun_FS)
    STORAGE_GetMaxLun_FS                     0x080023a1   Thumb Code     4  usbd_storage_if.o(i.STORAGE_GetMaxLun_FS)
    i.STORAGE_Init_FS                        0x080023a4   Section        0  usbd_storage_if.o(i.STORAGE_Init_FS)
    STORAGE_Init_FS                          0x080023a5   Thumb Code     4  usbd_storage_if.o(i.STORAGE_Init_FS)
    i.STORAGE_IsReady_FS                     0x080023a8   Section        0  usbd_storage_if.o(i.STORAGE_IsReady_FS)
    STORAGE_IsReady_FS                       0x080023a9   Thumb Code     4  usbd_storage_if.o(i.STORAGE_IsReady_FS)
    i.STORAGE_IsWriteProtected_FS            0x080023ac   Section        0  usbd_storage_if.o(i.STORAGE_IsWriteProtected_FS)
    STORAGE_IsWriteProtected_FS              0x080023ad   Thumb Code     4  usbd_storage_if.o(i.STORAGE_IsWriteProtected_FS)
    i.STORAGE_Read_FS                        0x080023b0   Section        0  usbd_storage_if.o(i.STORAGE_Read_FS)
    STORAGE_Read_FS                          0x080023b1   Thumb Code     4  usbd_storage_if.o(i.STORAGE_Read_FS)
    i.STORAGE_Write_FS                       0x080023b4   Section        0  usbd_storage_if.o(i.STORAGE_Write_FS)
    STORAGE_Write_FS                         0x080023b5   Thumb Code     4  usbd_storage_if.o(i.STORAGE_Write_FS)
    i.SVC_Handler                            0x080023b8   Section        0  stm32f4xx_it.o(i.SVC_Handler)
    i.SysTick_Handler                        0x080023ba   Section        0  stm32f4xx_it.o(i.SysTick_Handler)
    i.SystemClock_Config                     0x080023c8   Section        0  main.o(i.SystemClock_Config)
    i.SystemInit                             0x08002484   Section        0  system_stm32f4xx.o(i.SystemInit)
    i.UART_SetConfig                         0x080024d8   Section        0  stm32f4xx_hal_uart.o(i.UART_SetConfig)
    UART_SetConfig                           0x080024d9   Thumb Code   676  stm32f4xx_hal_uart.o(i.UART_SetConfig)
    i.USBD_ClrClassConfig                    0x08002784   Section        0  usbd_core.o(i.USBD_ClrClassConfig)
    i.USBD_CtlContinueRx                     0x08002792   Section        0  usbd_ioreq.o(i.USBD_CtlContinueRx)
    i.USBD_CtlContinueSendData               0x080027a2   Section        0  usbd_ioreq.o(i.USBD_CtlContinueSendData)
    i.USBD_CtlError                          0x080027b2   Section        0  usbd_ctlreq.o(i.USBD_CtlError)
    i.USBD_CtlReceiveStatus                  0x080027c8   Section        0  usbd_ioreq.o(i.USBD_CtlReceiveStatus)
    i.USBD_CtlSendData                       0x080027de   Section        0  usbd_ioreq.o(i.USBD_CtlSendData)
    i.USBD_CtlSendStatus                     0x080027f8   Section        0  usbd_ioreq.o(i.USBD_CtlSendStatus)
    i.USBD_FS_ConfigStrDescriptor            0x08002810   Section        0  usbd_desc.o(i.USBD_FS_ConfigStrDescriptor)
    i.USBD_FS_DeviceDescriptor               0x08002830   Section        0  usbd_desc.o(i.USBD_FS_DeviceDescriptor)
    i.USBD_FS_InterfaceStrDescriptor         0x0800283c   Section        0  usbd_desc.o(i.USBD_FS_InterfaceStrDescriptor)
    i.USBD_FS_LangIDStrDescriptor            0x08002860   Section        0  usbd_desc.o(i.USBD_FS_LangIDStrDescriptor)
    i.USBD_FS_ManufacturerStrDescriptor      0x0800286c   Section        0  usbd_desc.o(i.USBD_FS_ManufacturerStrDescriptor)
    i.USBD_FS_ProductStrDescriptor           0x08002894   Section        0  usbd_desc.o(i.USBD_FS_ProductStrDescriptor)
    i.USBD_FS_SerialStrDescriptor            0x080028bc   Section        0  usbd_desc.o(i.USBD_FS_SerialStrDescriptor)
    i.USBD_GetDescriptor                     0x080028e0   Section        0  usbd_ctlreq.o(i.USBD_GetDescriptor)
    USBD_GetDescriptor                       0x080028e1   Thumb Code   224  usbd_ctlreq.o(i.USBD_GetDescriptor)
    i.USBD_GetString                         0x080029c0   Section        0  usbd_ctlreq.o(i.USBD_GetString)
    i.USBD_Init                              0x08002a06   Section        0  usbd_core.o(i.USBD_Init)
    i.USBD_LL_ClearStallEP                   0x08002a30   Section        0  usbd_conf.o(i.USBD_LL_ClearStallEP)
    i.USBD_LL_CloseEP                        0x08002a50   Section        0  usbd_conf.o(i.USBD_LL_CloseEP)
    i.USBD_LL_DataInStage                    0x08002a70   Section        0  usbd_core.o(i.USBD_LL_DataInStage)
    i.USBD_LL_DataOutStage                   0x08002b1a   Section        0  usbd_core.o(i.USBD_LL_DataOutStage)
    i.USBD_LL_DevConnected                   0x08002b84   Section        0  usbd_core.o(i.USBD_LL_DevConnected)
    i.USBD_LL_DevDisconnected                0x08002b88   Section        0  usbd_core.o(i.USBD_LL_DevDisconnected)
    i.USBD_LL_FlushEP                        0x08002b9e   Section        0  usbd_conf.o(i.USBD_LL_FlushEP)
    i.USBD_LL_GetRxDataSize                  0x08002bbe   Section        0  usbd_conf.o(i.USBD_LL_GetRxDataSize)
    i.USBD_LL_Init                           0x08002bc8   Section        0  usbd_conf.o(i.USBD_LL_Init)
    i.USBD_LL_IsStallEP                      0x08002c44   Section        0  usbd_conf.o(i.USBD_LL_IsStallEP)
    i.USBD_LL_IsoINIncomplete                0x08002c64   Section        0  usbd_core.o(i.USBD_LL_IsoINIncomplete)
    i.USBD_LL_IsoOUTIncomplete               0x08002c68   Section        0  usbd_core.o(i.USBD_LL_IsoOUTIncomplete)
    i.USBD_LL_OpenEP                         0x08002c6c   Section        0  usbd_conf.o(i.USBD_LL_OpenEP)
    i.USBD_LL_PrepareReceive                 0x08002c92   Section        0  usbd_conf.o(i.USBD_LL_PrepareReceive)
    i.USBD_LL_Reset                          0x08002cb2   Section        0  usbd_core.o(i.USBD_LL_Reset)
    i.USBD_LL_Resume                         0x08002cf0   Section        0  usbd_core.o(i.USBD_LL_Resume)
    i.USBD_LL_SOF                            0x08002cfc   Section        0  usbd_core.o(i.USBD_LL_SOF)
    i.USBD_LL_SetSpeed                       0x08002d14   Section        0  usbd_core.o(i.USBD_LL_SetSpeed)
    i.USBD_LL_SetUSBAddress                  0x08002d1a   Section        0  usbd_conf.o(i.USBD_LL_SetUSBAddress)
    i.USBD_LL_SetupStage                     0x08002d3a   Section        0  usbd_core.o(i.USBD_LL_SetupStage)
    i.USBD_LL_StallEP                        0x08002d94   Section        0  usbd_conf.o(i.USBD_LL_StallEP)
    i.USBD_LL_Start                          0x08002db4   Section        0  usbd_conf.o(i.USBD_LL_Start)
    i.USBD_LL_Suspend                        0x08002dd4   Section        0  usbd_core.o(i.USBD_LL_Suspend)
    i.USBD_LL_Transmit                       0x08002de6   Section        0  usbd_conf.o(i.USBD_LL_Transmit)
    i.USBD_MSC_DataIn                        0x08002e06   Section        0  usbd_msc.o(i.USBD_MSC_DataIn)
    i.USBD_MSC_DataOut                       0x08002e10   Section        0  usbd_msc.o(i.USBD_MSC_DataOut)
    i.USBD_MSC_DeInit                        0x08002e1a   Section        0  usbd_msc.o(i.USBD_MSC_DeInit)
    i.USBD_MSC_GetDeviceQualifierDescriptor  0x08002e48   Section        0  usbd_msc.o(i.USBD_MSC_GetDeviceQualifierDescriptor)
    i.USBD_MSC_GetFSCfgDesc                  0x08002e54   Section        0  usbd_msc.o(i.USBD_MSC_GetFSCfgDesc)
    i.USBD_MSC_GetHSCfgDesc                  0x08002e60   Section        0  usbd_msc.o(i.USBD_MSC_GetHSCfgDesc)
    i.USBD_MSC_GetOtherSpeedCfgDesc          0x08002e6c   Section        0  usbd_msc.o(i.USBD_MSC_GetOtherSpeedCfgDesc)
    i.USBD_MSC_Init                          0x08002e78   Section        0  usbd_msc.o(i.USBD_MSC_Init)
    i.USBD_MSC_RegisterStorage               0x08002eca   Section        0  usbd_msc.o(i.USBD_MSC_RegisterStorage)
    i.USBD_MSC_Setup                         0x08002ed4   Section        0  usbd_msc.o(i.USBD_MSC_Setup)
    i.USBD_ParseSetupRequest                 0x08002f96   Section        0  usbd_ctlreq.o(i.USBD_ParseSetupRequest)
    i.USBD_RegisterClass                     0x08002fbe   Section        0  usbd_core.o(i.USBD_RegisterClass)
    i.USBD_SetClassConfig                    0x08002fce   Section        0  usbd_core.o(i.USBD_SetClassConfig)
    i.USBD_SetConfig                         0x08002fe4   Section        0  usbd_ctlreq.o(i.USBD_SetConfig)
    USBD_SetConfig                           0x08002fe5   Thumb Code   110  usbd_ctlreq.o(i.USBD_SetConfig)
    i.USBD_Start                             0x08003058   Section        0  usbd_core.o(i.USBD_Start)
    i.USBD_StdDevReq                         0x08003062   Section        0  usbd_ctlreq.o(i.USBD_StdDevReq)
    i.USBD_StdEPReq                          0x08003154   Section        0  usbd_ctlreq.o(i.USBD_StdEPReq)
    i.USBD_StdItfReq                         0x08003230   Section        0  usbd_ctlreq.o(i.USBD_StdItfReq)
    i.USB_ActivateEndpoint                   0x08003264   Section        0  stm32f4xx_ll_usb.o(i.USB_ActivateEndpoint)
    i.USB_ActivateSetup                      0x080032e4   Section        0  stm32f4xx_ll_usb.o(i.USB_ActivateSetup)
    i.USB_CoreInit                           0x08003318   Section        0  stm32f4xx_ll_usb.o(i.USB_CoreInit)
    i.USB_CoreReset                          0x08003384   Section        0  stm32f4xx_ll_usb.o(i.USB_CoreReset)
    USB_CoreReset                            0x08003385   Thumb Code    50  stm32f4xx_ll_usb.o(i.USB_CoreReset)
    i.USB_DeactivateEndpoint                 0x080033bc   Section        0  stm32f4xx_ll_usb.o(i.USB_DeactivateEndpoint)
    i.USB_DevConnect                         0x08003484   Section        0  stm32f4xx_ll_usb.o(i.USB_DevConnect)
    i.USB_DevDisconnect                      0x0800349c   Section        0  stm32f4xx_ll_usb.o(i.USB_DevDisconnect)
    i.USB_DevInit                            0x080034b4   Section        0  stm32f4xx_ll_usb.o(i.USB_DevInit)
    i.USB_DisableGlobalInt                   0x080035f4   Section        0  stm32f4xx_ll_usb.o(i.USB_DisableGlobalInt)
    i.USB_EP0StartXfer                       0x08003600   Section        0  stm32f4xx_ll_usb.o(i.USB_EP0StartXfer)
    i.USB_EP0_OutStart                       0x08003740   Section        0  stm32f4xx_ll_usb.o(i.USB_EP0_OutStart)
    i.USB_EPClearStall                       0x0800377e   Section        0  stm32f4xx_ll_usb.o(i.USB_EPClearStall)
    i.USB_EPSetStall                         0x080037e2   Section        0  stm32f4xx_ll_usb.o(i.USB_EPSetStall)
    i.USB_EPStartXfer                        0x08003840   Section        0  stm32f4xx_ll_usb.o(i.USB_EPStartXfer)
    i.USB_EnableGlobalInt                    0x08003a5c   Section        0  stm32f4xx_ll_usb.o(i.USB_EnableGlobalInt)
    i.USB_FlushRxFifo                        0x08003a68   Section        0  stm32f4xx_ll_usb.o(i.USB_FlushRxFifo)
    i.USB_FlushTxFifo                        0x08003a88   Section        0  stm32f4xx_ll_usb.o(i.USB_FlushTxFifo)
    i.USB_GetDevSpeed                        0x08003aac   Section        0  stm32f4xx_ll_usb.o(i.USB_GetDevSpeed)
    i.USB_GetMode                            0x08003ae8   Section        0  stm32f4xx_ll_usb.o(i.USB_GetMode)
    i.USB_ReadDevAllInEpInterrupt            0x08003af0   Section        0  stm32f4xx_ll_usb.o(i.USB_ReadDevAllInEpInterrupt)
    i.USB_ReadDevAllOutEpInterrupt           0x08003afe   Section        0  stm32f4xx_ll_usb.o(i.USB_ReadDevAllOutEpInterrupt)
    i.USB_ReadDevInEPInterrupt               0x08003b0c   Section        0  stm32f4xx_ll_usb.o(i.USB_ReadDevInEPInterrupt)
    i.USB_ReadDevOutEPInterrupt              0x08003b2a   Section        0  stm32f4xx_ll_usb.o(i.USB_ReadDevOutEPInterrupt)
    i.USB_ReadInterrupts                     0x08003b3a   Section        0  stm32f4xx_ll_usb.o(i.USB_ReadInterrupts)
    i.USB_ReadPacket                         0x08003b42   Section        0  stm32f4xx_ll_usb.o(i.USB_ReadPacket)
    i.USB_SetCurrentMode                     0x08003b62   Section        0  stm32f4xx_ll_usb.o(i.USB_SetCurrentMode)
    i.USB_SetDevAddress                      0x08003b8e   Section        0  stm32f4xx_ll_usb.o(i.USB_SetDevAddress)
    i.USB_WritePacket                        0x08003bb0   Section        0  stm32f4xx_ll_usb.o(i.USB_WritePacket)
    i.USER_initialize                        0x08003bd8   Section        0  user_diskio.o(i.USER_initialize)
    i.USER_ioctl                             0x08003be8   Section        0  user_diskio.o(i.USER_ioctl)
    i.USER_read                              0x08003bec   Section        0  user_diskio.o(i.USER_read)
    i.USER_status                            0x08003bf0   Section        0  user_diskio.o(i.USER_status)
    i.USER_write                             0x08003c00   Section        0  user_diskio.o(i.USER_write)
    i.UsageFault_Handler                     0x08003c04   Section        0  stm32f4xx_it.o(i.UsageFault_Handler)
    i._Error_Handler                         0x08003c06   Section        0  main.o(i._Error_Handler)
    i.__scatterload_copy                     0x08003c08   Section       14  handlers.o(i.__scatterload_copy)
    i.__scatterload_null                     0x08003c16   Section        2  handlers.o(i.__scatterload_null)
    i.__scatterload_zeroinit                 0x08003c18   Section       14  handlers.o(i.__scatterload_zeroinit)
    i.free                                   0x08003c28   Section        0  malloc.o(i.free)
    i.main                                   0x08003c78   Section        0  main.o(i.main)
    i.malloc                                 0x08003d10   Section        0  malloc.o(i.malloc)
    .constdata                               0x08003d7c   Section        7  usbd_msc_data.o(.constdata)
    .constdata                               0x08003d83   Section        8  usbd_msc_data.o(.constdata)
    .constdata                               0x08003d8b   Section        8  usbd_msc_data.o(.constdata)
    .constdata                               0x08003d93   Section       16  system_stm32f4xx.o(.constdata)
    .constdata                               0x08003da3   Section        8  system_stm32f4xx.o(.constdata)
    .constdata                               0x08003dab   Section       36  usbd_storage_if.o(.constdata)
    .data                                    0x20000000   Section       56  usbd_msc.o(.data)
    .data                                    0x20000038   Section      106  usbd_msc.o(.data)
    .data                                    0x200000a2   Section        1  usbd_ctlreq.o(.data)
    cfgidx                                   0x200000a2   Data           1  usbd_ctlreq.o(.data)
    .data                                    0x200000a4   Section        4  system_stm32f4xx.o(.data)
    .data                                    0x200000a8   Section        4  stm32f4xx_hal.o(.data)
    .data                                    0x200000ac   Section       28  usbd_desc.o(.data)
    .data                                    0x200000c8   Section       22  usbd_desc.o(.data)
    .data                                    0x200000de   Section        5  fatfs.o(.data)
    .data                                    0x200000e3   Section        1  user_diskio.o(.data)
    Stat                                     0x200000e3   Data           1  user_diskio.o(.data)
    .data                                    0x200000e4   Section       20  user_diskio.o(.data)
    .data                                    0x200000f8   Section        8  main.o(.data)
    .data                                    0x20000100   Section       32  usbd_storage_if.o(.data)
    .data                                    0x20000120   Section        4  mvars.o(.data)
    .data                                    0x20000124   Section        4  mvars.o(.data)
    .bss                                     0x20000128   Section       12  ff_gen_drv.o(.bss)
    .bss                                     0x20000134   Section      512  usbd_desc.o(.bss)
    .bss                                     0x20000334   Section     1008  usbd_conf.o(.bss)
    .bss                                     0x20000724   Section      196  main.o(.bss)
    .bss                                     0x200007e8   Section      548  usb_device.o(.bss)
    HEAP                                     0x20000a10   Section    20480  startup_stm32f405xx.o(HEAP)
    STACK                                    0x20005a10   Section    12288  startup_stm32f405xx.o(STACK)

    Global Symbols

    Symbol Name                              Value     Ov Type        Size  Object(Section)

    BuildAttributes$$THM_ISAv4$E$P$D$K$B$S$7EM$VFPi3$EXTD16$VFPS$VFMA$PE$A:L22UL41UL21$X:L11$S22US41US21$IEEE1$IW$USESV6$~STKCKD$USESV7$~SHL$OSPACE$EBA8$MICROLIB$REQ8$PRES8$EABIv2 0x00000000   Number         0  anon$$obj.o ABSOLUTE
    __ARM_use_no_argv                        0x00000000   Number         0  main.o ABSOLUTE
    __cpp_initialize__aeabi_                  - Undefined Weak Reference
    __cxa_finalize                            - Undefined Weak Reference
    __decompress                              - Undefined Weak Reference
    _clock_init                               - Undefined Weak Reference
    _microlib_exit                            - Undefined Weak Reference
    __Vectors_Size                           0x00000188   Number         0  startup_stm32f405xx.o ABSOLUTE
    __Vectors                                0x08000000   Data           4  startup_stm32f405xx.o(RESET)
    __Vectors_End                            0x08000188   Data           0  startup_stm32f405xx.o(RESET)
    __main                                   0x08000189   Thumb Code     0  entry.o(.ARM.Collect$$$$00000000)
    _main_stk                                0x08000189   Thumb Code     0  entry2.o(.ARM.Collect$$$$00000001)
    _main_scatterload                        0x0800018d   Thumb Code     0  entry5.o(.ARM.Collect$$$$00000004)
    __main_after_scatterload                 0x08000191   Thumb Code     0  entry5.o(.ARM.Collect$$$$00000004)
    _main_clock                              0x08000191   Thumb Code     0  entry7b.o(.ARM.Collect$$$$00000008)
    _main_cpp_init                           0x08000191   Thumb Code     0  entry8b.o(.ARM.Collect$$$$0000000A)
    _main_init                               0x08000191   Thumb Code     0  entry9a.o(.ARM.Collect$$$$0000000B)
    __rt_final_cpp                           0x08000199   Thumb Code     0  entry10a.o(.ARM.Collect$$$$0000000D)
    __rt_final_exit                          0x08000199   Thumb Code     0  entry11a.o(.ARM.Collect$$$$0000000F)
    Reset_Handler                            0x0800019d   Thumb Code     8  startup_stm32f405xx.o(.text)
    ADC_IRQHandler                           0x080001b7   Thumb Code     0  startup_stm32f405xx.o(.text)
    CAN1_RX0_IRQHandler                      0x080001b7   Thumb Code     0  startup_stm32f405xx.o(.text)
    CAN1_RX1_IRQHandler                      0x080001b7   Thumb Code     0  startup_stm32f405xx.o(.text)
    CAN1_SCE_IRQHandler                      0x080001b7   Thumb Code     0  startup_stm32f405xx.o(.text)
    CAN1_TX_IRQHandler                       0x080001b7   Thumb Code     0  startup_stm32f405xx.o(.text)
    CAN2_RX0_IRQHandler                      0x080001b7   Thumb Code     0  startup_stm32f405xx.o(.text)
    CAN2_RX1_IRQHandler                      0x080001b7   Thumb Code     0  startup_stm32f405xx.o(.text)
    CAN2_SCE_IRQHandler                      0x080001b7   Thumb Code     0  startup_stm32f405xx.o(.text)
    CAN2_TX_IRQHandler                       0x080001b7   Thumb Code     0  startup_stm32f405xx.o(.text)
    DMA1_Stream0_IRQHandler                  0x080001b7   Thumb Code     0  startup_stm32f405xx.o(.text)
    DMA1_Stream1_IRQHandler                  0x080001b7   Thumb Code     0  startup_stm32f405xx.o(.text)
    DMA1_Stream2_IRQHandler                  0x080001b7   Thumb Code     0  startup_stm32f405xx.o(.text)
    DMA1_Stream3_IRQHandler                  0x080001b7   Thumb Code     0  startup_stm32f405xx.o(.text)
    DMA1_Stream4_IRQHandler                  0x080001b7   Thumb Code     0  startup_stm32f405xx.o(.text)
    DMA1_Stream5_IRQHandler                  0x080001b7   Thumb Code     0  startup_stm32f405xx.o(.text)
    DMA1_Stream6_IRQHandler                  0x080001b7   Thumb Code     0  startup_stm32f405xx.o(.text)
    DMA1_Stream7_IRQHandler                  0x080001b7   Thumb Code     0  startup_stm32f405xx.o(.text)
    DMA2_Stream0_IRQHandler                  0x080001b7   Thumb Code     0  startup_stm32f405xx.o(.text)
    DMA2_Stream1_IRQHandler                  0x080001b7   Thumb Code     0  startup_stm32f405xx.o(.text)
    DMA2_Stream2_IRQHandler                  0x080001b7   Thumb Code     0  startup_stm32f405xx.o(.text)
    DMA2_Stream3_IRQHandler                  0x080001b7   Thumb Code     0  startup_stm32f405xx.o(.text)
    DMA2_Stream4_IRQHandler                  0x080001b7   Thumb Code     0  startup_stm32f405xx.o(.text)
    DMA2_Stream5_IRQHandler                  0x080001b7   Thumb Code     0  startup_stm32f405xx.o(.text)
    DMA2_Stream6_IRQHandler                  0x080001b7   Thumb Code     0  startup_stm32f405xx.o(.text)
    DMA2_Stream7_IRQHandler                  0x080001b7   Thumb Code     0  startup_stm32f405xx.o(.text)
    EXTI0_IRQHandler                         0x080001b7   Thumb Code     0  startup_stm32f405xx.o(.text)
    EXTI15_10_IRQHandler                     0x080001b7   Thumb Code     0  startup_stm32f405xx.o(.text)
    EXTI1_IRQHandler                         0x080001b7   Thumb Code     0  startup_stm32f405xx.o(.text)
    EXTI2_IRQHandler                         0x080001b7   Thumb Code     0  startup_stm32f405xx.o(.text)
    EXTI3_IRQHandler                         0x080001b7   Thumb Code     0  startup_stm32f405xx.o(.text)
    EXTI4_IRQHandler                         0x080001b7   Thumb Code     0  startup_stm32f405xx.o(.text)
    EXTI9_5_IRQHandler                       0x080001b7   Thumb Code     0  startup_stm32f405xx.o(.text)
    FLASH_IRQHandler                         0x080001b7   Thumb Code     0  startup_stm32f405xx.o(.text)
    FMC_IRQHandler                           0x080001b7   Thumb Code     0  startup_stm32f405xx.o(.text)
    FPU_IRQHandler                           0x080001b7   Thumb Code     0  startup_stm32f405xx.o(.text)
    HASH_RNG_IRQHandler                      0x080001b7   Thumb Code     0  startup_stm32f405xx.o(.text)
    I2C1_ER_IRQHandler                       0x080001b7   Thumb Code     0  startup_stm32f405xx.o(.text)
    I2C1_EV_IRQHandler                       0x080001b7   Thumb Code     0  startup_stm32f405xx.o(.text)
    I2C2_ER_IRQHandler                       0x080001b7   Thumb Code     0  startup_stm32f405xx.o(.text)
    I2C2_EV_IRQHandler                       0x080001b7   Thumb Code     0  startup_stm32f405xx.o(.text)
    I2C3_ER_IRQHandler                       0x080001b7   Thumb Code     0  startup_stm32f405xx.o(.text)
    I2C3_EV_IRQHandler                       0x080001b7   Thumb Code     0  startup_stm32f405xx.o(.text)
    OTG_FS_WKUP_IRQHandler                   0x080001b7   Thumb Code     0  startup_stm32f405xx.o(.text)
    OTG_HS_EP1_IN_IRQHandler                 0x080001b7   Thumb Code     0  startup_stm32f405xx.o(.text)
    OTG_HS_EP1_OUT_IRQHandler                0x080001b7   Thumb Code     0  startup_stm32f405xx.o(.text)
    OTG_HS_IRQHandler                        0x080001b7   Thumb Code     0  startup_stm32f405xx.o(.text)
    OTG_HS_WKUP_IRQHandler                   0x080001b7   Thumb Code     0  startup_stm32f405xx.o(.text)
    PVD_IRQHandler                           0x080001b7   Thumb Code     0  startup_stm32f405xx.o(.text)
    RCC_IRQHandler                           0x080001b7   Thumb Code     0  startup_stm32f405xx.o(.text)
    RTC_Alarm_IRQHandler                     0x080001b7   Thumb Code     0  startup_stm32f405xx.o(.text)
    RTC_WKUP_IRQHandler                      0x080001b7   Thumb Code     0  startup_stm32f405xx.o(.text)
    SDIO_IRQHandler                          0x080001b7   Thumb Code     0  startup_stm32f405xx.o(.text)
    SPI1_IRQHandler                          0x080001b7   Thumb Code     0  startup_stm32f405xx.o(.text)
    SPI2_IRQHandler                          0x080001b7   Thumb Code     0  startup_stm32f405xx.o(.text)
    SPI3_IRQHandler                          0x080001b7   Thumb Code     0  startup_stm32f405xx.o(.text)
    TAMP_STAMP_IRQHandler                    0x080001b7   Thumb Code     0  startup_stm32f405xx.o(.text)
    TIM1_BRK_TIM9_IRQHandler                 0x080001b7   Thumb Code     0  startup_stm32f405xx.o(.text)
    TIM1_CC_IRQHandler                       0x080001b7   Thumb Code     0  startup_stm32f405xx.o(.text)
    TIM1_TRG_COM_TIM11_IRQHandler            0x080001b7   Thumb Code     0  startup_stm32f405xx.o(.text)
    TIM1_UP_TIM10_IRQHandler                 0x080001b7   Thumb Code     0  startup_stm32f405xx.o(.text)
    TIM2_IRQHandler                          0x080001b7   Thumb Code     0  startup_stm32f405xx.o(.text)
    TIM3_IRQHandler                          0x080001b7   Thumb Code     0  startup_stm32f405xx.o(.text)
    TIM4_IRQHandler                          0x080001b7   Thumb Code     0  startup_stm32f405xx.o(.text)
    TIM5_IRQHandler                          0x080001b7   Thumb Code     0  startup_stm32f405xx.o(.text)
    TIM6_DAC_IRQHandler                      0x080001b7   Thumb Code     0  startup_stm32f405xx.o(.text)
    TIM7_IRQHandler                          0x080001b7   Thumb Code     0  startup_stm32f405xx.o(.text)
    TIM8_BRK_TIM12_IRQHandler                0x080001b7   Thumb Code     0  startup_stm32f405xx.o(.text)
    TIM8_CC_IRQHandler                       0x080001b7   Thumb Code     0  startup_stm32f405xx.o(.text)
    TIM8_TRG_COM_TIM14_IRQHandler            0x080001b7   Thumb Code     0  startup_stm32f405xx.o(.text)
    TIM8_UP_TIM13_IRQHandler                 0x080001b7   Thumb Code     0  startup_stm32f405xx.o(.text)
    UART4_IRQHandler                         0x080001b7   Thumb Code     0  startup_stm32f405xx.o(.text)
    UART5_IRQHandler                         0x080001b7   Thumb Code     0  startup_stm32f405xx.o(.text)
    USART1_IRQHandler                        0x080001b7   Thumb Code     0  startup_stm32f405xx.o(.text)
    USART2_IRQHandler                        0x080001b7   Thumb Code     0  startup_stm32f405xx.o(.text)
    USART3_IRQHandler                        0x080001b7   Thumb Code     0  startup_stm32f405xx.o(.text)
    USART6_IRQHandler                        0x080001b7   Thumb Code     0  startup_stm32f405xx.o(.text)
    WWDG_IRQHandler                          0x080001b7   Thumb Code     0  startup_stm32f405xx.o(.text)
    __aeabi_memcpy                           0x080001c1   Thumb Code    36  memcpya.o(.text)
    __aeabi_memcpy4                          0x080001c1   Thumb Code     0  memcpya.o(.text)
    __aeabi_memcpy8                          0x080001c1   Thumb Code     0  memcpya.o(.text)
    __scatterload                            0x080001e5   Thumb Code    28  init.o(.text)
    __scatterload_rt2                        0x080001e5   Thumb Code     0  init.o(.text)
    BusFault_Handler                         0x08000209   Thumb Code     2  stm32f4xx_it.o(i.BusFault_Handler)
    DebugMon_Handler                         0x0800020b   Thumb Code     2  stm32f4xx_it.o(i.DebugMon_Handler)
    FATFS_LinkDriver                         0x0800020d   Thumb Code     6  ff_gen_drv.o(i.FATFS_LinkDriver)
    FATFS_LinkDriverEx                       0x08000215   Thumb Code    60  ff_gen_drv.o(i.FATFS_LinkDriverEx)
    HAL_CRC_Init                             0x08000255   Thumb Code    38  stm32f4xx_hal_crc.o(i.HAL_CRC_Init)
    HAL_CRC_MspInit                          0x0800027d   Thumb Code    30  stm32f4xx_hal_msp.o(i.HAL_CRC_MspInit)
    HAL_Delay                                0x080002a5   Thumb Code    28  stm32f4xx_hal.o(i.HAL_Delay)
    HAL_GPIO_Init                            0x080002c1   Thumb Code   388  stm32f4xx_hal_gpio.o(i.HAL_GPIO_Init)
    HAL_GPIO_WritePin                        0x08000471   Thumb Code    10  stm32f4xx_hal_gpio.o(i.HAL_GPIO_WritePin)
    HAL_GetTick                              0x0800047d   Thumb Code     6  stm32f4xx_hal.o(i.HAL_GetTick)
    HAL_IncTick                              0x08000489   Thumb Code    10  stm32f4xx_hal.o(i.HAL_IncTick)
    HAL_Init                                 0x08000499   Thumb Code    48  stm32f4xx_hal.o(i.HAL_Init)
    HAL_InitTick                             0x080004cd   Thumb Code    34  stm32f4xx_hal.o(i.HAL_InitTick)
    HAL_MspInit                              0x080004f5   Thumb Code    88  stm32f4xx_hal_msp.o(i.HAL_MspInit)
    HAL_NVIC_EnableIRQ                       0x0800054d   Thumb Code    22  stm32f4xx_hal_cortex.o(i.HAL_NVIC_EnableIRQ)
    HAL_NVIC_SetPriority                     0x08000565   Thumb Code    60  stm32f4xx_hal_cortex.o(i.HAL_NVIC_SetPriority)
    HAL_NVIC_SetPriorityGrouping             0x080005a5   Thumb Code    26  stm32f4xx_hal_cortex.o(i.HAL_NVIC_SetPriorityGrouping)
    HAL_PCDEx_SetRxFiFo                      0x080005c9   Thumb Code     8  stm32f4xx_hal_pcd_ex.o(i.HAL_PCDEx_SetRxFiFo)
    HAL_PCDEx_SetTxFiFo                      0x080005d1   Thumb Code    68  stm32f4xx_hal_pcd_ex.o(i.HAL_PCDEx_SetTxFiFo)
    HAL_PCD_ConnectCallback                  0x08000615   Thumb Code     8  usbd_conf.o(i.HAL_PCD_ConnectCallback)
    HAL_PCD_DataInStageCallback              0x0800061d   Thumb Code    18  usbd_conf.o(i.HAL_PCD_DataInStageCallback)
    HAL_PCD_DataOutStageCallback             0x0800062f   Thumb Code    20  usbd_conf.o(i.HAL_PCD_DataOutStageCallback)
    HAL_PCD_DisconnectCallback               0x08000643   Thumb Code     8  usbd_conf.o(i.HAL_PCD_DisconnectCallback)
    HAL_PCD_EP_Close                         0x0800064b   Thumb Code    68  stm32f4xx_hal_pcd.o(i.HAL_PCD_EP_Close)
    HAL_PCD_EP_ClrStall                      0x0800068f   Thumb Code    80  stm32f4xx_hal_pcd.o(i.HAL_PCD_EP_ClrStall)
    HAL_PCD_EP_Flush                         0x080006df   Thumb Code    52  stm32f4xx_hal_pcd.o(i.HAL_PCD_EP_Flush)
    HAL_PCD_EP_GetRxCount                    0x08000713   Thumb Code    20  stm32f4xx_hal_pcd.o(i.HAL_PCD_EP_GetRxCount)
    HAL_PCD_EP_Open                          0x08000727   Thumb Code    84  stm32f4xx_hal_pcd.o(i.HAL_PCD_EP_Open)
    HAL_PCD_EP_Receive                       0x0800077b   Thumb Code    72  stm32f4xx_hal_pcd.o(i.HAL_PCD_EP_Receive)
    HAL_PCD_EP_SetStall                      0x080007c3   Thumb Code    96  stm32f4xx_hal_pcd.o(i.HAL_PCD_EP_SetStall)
    HAL_PCD_EP_Transmit                      0x08000823   Thumb Code    64  stm32f4xx_hal_pcd.o(i.HAL_PCD_EP_Transmit)
    HAL_PCD_IRQHandler                       0x08000865   Thumb Code  1196  stm32f4xx_hal_pcd.o(i.HAL_PCD_IRQHandler)
    HAL_PCD_ISOINIncompleteCallback          0x08000d59   Thumb Code     8  usbd_conf.o(i.HAL_PCD_ISOINIncompleteCallback)
    HAL_PCD_ISOOUTIncompleteCallback         0x08000d61   Thumb Code     8  usbd_conf.o(i.HAL_PCD_ISOOUTIncompleteCallback)
    HAL_PCD_Init                             0x08000d69   Thumb Code   190  stm32f4xx_hal_pcd.o(i.HAL_PCD_Init)
    HAL_PCD_MspInit                          0x08000e29   Thumb Code    92  usbd_conf.o(i.HAL_PCD_MspInit)
    HAL_PCD_ResetCallback                    0x08000e8d   Thumb Code    32  usbd_conf.o(i.HAL_PCD_ResetCallback)
    HAL_PCD_ResumeCallback                   0x08000ead   Thumb Code     8  usbd_conf.o(i.HAL_PCD_ResumeCallback)
    HAL_PCD_SOFCallback                      0x08000eb5   Thumb Code     8  usbd_conf.o(i.HAL_PCD_SOFCallback)
    HAL_PCD_SetAddress                       0x08000ebd   Thumb Code    36  stm32f4xx_hal_pcd.o(i.HAL_PCD_SetAddress)
    HAL_PCD_SetupStageCallback               0x08000ee1   Thumb Code    14  usbd_conf.o(i.HAL_PCD_SetupStageCallback)
    HAL_PCD_Start                            0x08000eef   Thumb Code    42  stm32f4xx_hal_pcd.o(i.HAL_PCD_Start)
    HAL_PCD_SuspendCallback                  0x08000f19   Thumb Code    44  usbd_conf.o(i.HAL_PCD_SuspendCallback)
    HAL_RCCEx_PeriphCLKConfig                0x08000f49   Thumb Code   320  stm32f4xx_hal_rcc_ex.o(i.HAL_RCCEx_PeriphCLKConfig)
    HAL_RCC_CSSCallback                      0x0800109d   Thumb Code     2  stm32f4xx_hal_rcc.o(i.HAL_RCC_CSSCallback)
    HAL_RCC_ClockConfig                      0x080010a1   Thumb Code   364  stm32f4xx_hal_rcc.o(i.HAL_RCC_ClockConfig)
    HAL_RCC_EnableCSS                        0x0800121d   Thumb Code     8  stm32f4xx_hal_rcc.o(i.HAL_RCC_EnableCSS)
    HAL_RCC_GetHCLKFreq                      0x08001229   Thumb Code     6  stm32f4xx_hal_rcc.o(i.HAL_RCC_GetHCLKFreq)
    HAL_RCC_GetPCLK1Freq                     0x08001235   Thumb Code    34  stm32f4xx_hal_rcc.o(i.HAL_RCC_GetPCLK1Freq)
    HAL_RCC_GetPCLK2Freq                     0x08001265   Thumb Code    34  stm32f4xx_hal_rcc.o(i.HAL_RCC_GetPCLK2Freq)
    HAL_RCC_GetSysClockFreq                  0x08001295   Thumb Code   104  stm32f4xx_hal_rcc.o(i.HAL_RCC_GetSysClockFreq)
    HAL_RCC_NMI_IRQHandler                   0x08001309   Thumb Code    24  stm32f4xx_hal_rcc.o(i.HAL_RCC_NMI_IRQHandler)
    HAL_RCC_OscConfig                        0x08001325   Thumb Code   770  stm32f4xx_hal_rcc.o(i.HAL_RCC_OscConfig)
    HAL_RNG_Init                             0x08001639   Thumb Code    62  stm32f4xx_hal_rng.o(i.HAL_RNG_Init)
    HAL_RNG_MspInit                          0x08001679   Thumb Code    30  stm32f4xx_hal_msp.o(i.HAL_RNG_MspInit)
    HAL_RTC_Init                             0x080016a1   Thumb Code   150  stm32f4xx_hal_rtc.o(i.HAL_RTC_Init)
    HAL_RTC_MspInit                          0x0800173d   Thumb Code    16  stm32f4xx_hal_msp.o(i.HAL_RTC_MspInit)
    HAL_SPI_Init                             0x08001755   Thumb Code   128  stm32f4xx_hal_spi.o(i.HAL_SPI_Init)
    HAL_SPI_MspInit                          0x080017d5   Thumb Code    82  stm32f4xx_hal_msp.o(i.HAL_SPI_MspInit)
    HAL_SYSTICK_CLKSourceConfig              0x08001839   Thumb Code    24  stm32f4xx_hal_cortex.o(i.HAL_SYSTICK_CLKSourceConfig)
    HAL_SYSTICK_Callback                     0x08001851   Thumb Code     2  stm32f4xx_hal_cortex.o(i.HAL_SYSTICK_Callback)
    HAL_SYSTICK_Config                       0x08001853   Thumb Code    40  stm32f4xx_hal_cortex.o(i.HAL_SYSTICK_Config)
    HAL_SYSTICK_IRQHandler                   0x0800187b   Thumb Code     8  stm32f4xx_hal_cortex.o(i.HAL_SYSTICK_IRQHandler)
    HAL_UART_Init                            0x08001883   Thumb Code    98  stm32f4xx_hal_uart.o(i.HAL_UART_Init)
    HAL_UART_MspInit                         0x080018e5   Thumb Code    62  stm32f4xx_hal_msp.o(i.HAL_UART_MspInit)
    HardFault_Handler                        0x08001931   Thumb Code     2  stm32f4xx_it.o(i.HardFault_Handler)
    MSC_BOT_CplClrFeature                    0x08001a41   Thumb Code    42  usbd_msc_bot.o(i.MSC_BOT_CplClrFeature)
    MSC_BOT_DataIn                           0x08001a6b   Thumb Code    58  usbd_msc_bot.o(i.MSC_BOT_DataIn)
    MSC_BOT_DataOut                          0x08001aa5   Thumb Code    58  usbd_msc_bot.o(i.MSC_BOT_DataOut)
    MSC_BOT_DeInit                           0x08001adf   Thumb Code    10  usbd_msc_bot.o(i.MSC_BOT_DeInit)
    MSC_BOT_Init                             0x08001ae9   Thumb Code    66  usbd_msc_bot.o(i.MSC_BOT_Init)
    MSC_BOT_Reset                            0x08001b2b   Thumb Code    22  usbd_msc_bot.o(i.MSC_BOT_Reset)
    MSC_BOT_SendCSW                          0x08001b41   Thumb Code    54  usbd_msc_bot.o(i.MSC_BOT_SendCSW)
    MX_FATFS_Init                            0x08001b7d   Thumb Code    18  fatfs.o(i.MX_FATFS_Init)
    MX_USB_DEVICE_Init                       0x08001ce1   Thumb Code    38  usb_device.o(i.MX_USB_DEVICE_Init)
    MemManage_Handler                        0x08001d19   Thumb Code     2  stm32f4xx_it.o(i.MemManage_Handler)
    NMI_Handler                              0x08001d1b   Thumb Code     4  stm32f4xx_it.o(i.NMI_Handler)
    OTG_FS_IRQHandler                        0x08001d41   Thumb Code     6  stm32f4xx_it.o(i.OTG_FS_IRQHandler)
    PendSV_Handler                           0x08001dd5   Thumb Code     2  stm32f4xx_it.o(i.PendSV_Handler)
    RTC_EnterInitMode                        0x08001dd9   Thumb Code    58  stm32f4xx_hal_rtc.o(i.RTC_EnterInitMode)
    SCSI_ProcessCmd                          0x08001e35   Thumb Code   448  usbd_msc_scsi.o(i.SCSI_ProcessCmd)
    SCSI_SenseCode                           0x08002293   Thumb Code    54  usbd_msc_scsi.o(i.SCSI_SenseCode)
    SVC_Handler                              0x080023b9   Thumb Code     2  stm32f4xx_it.o(i.SVC_Handler)
    SysTick_Handler                          0x080023bb   Thumb Code    14  stm32f4xx_it.o(i.SysTick_Handler)
    SystemClock_Config                       0x080023c9   Thumb Code   178  main.o(i.SystemClock_Config)
    SystemInit                               0x08002485   Thumb Code    66  system_stm32f4xx.o(i.SystemInit)
    USBD_ClrClassConfig                      0x08002785   Thumb Code    14  usbd_core.o(i.USBD_ClrClassConfig)
    USBD_CtlContinueRx                       0x08002793   Thumb Code    16  usbd_ioreq.o(i.USBD_CtlContinueRx)
    USBD_CtlContinueSendData                 0x080027a3   Thumb Code    16  usbd_ioreq.o(i.USBD_CtlContinueSendData)
    USBD_CtlError                            0x080027b3   Thumb Code    22  usbd_ctlreq.o(i.USBD_CtlError)
    USBD_CtlReceiveStatus                    0x080027c9   Thumb Code    22  usbd_ioreq.o(i.USBD_CtlReceiveStatus)
    USBD_CtlSendData                         0x080027df   Thumb Code    26  usbd_ioreq.o(i.USBD_CtlSendData)
    USBD_CtlSendStatus                       0x080027f9   Thumb Code    22  usbd_ioreq.o(i.USBD_CtlSendStatus)
    USBD_FS_ConfigStrDescriptor              0x08002811   Thumb Code    16  usbd_desc.o(i.USBD_FS_ConfigStrDescriptor)
    USBD_FS_DeviceDescriptor                 0x08002831   Thumb Code     8  usbd_desc.o(i.USBD_FS_DeviceDescriptor)
    USBD_FS_InterfaceStrDescriptor           0x0800283d   Thumb Code    16  usbd_desc.o(i.USBD_FS_InterfaceStrDescriptor)
    USBD_FS_LangIDStrDescriptor              0x08002861   Thumb Code     8  usbd_desc.o(i.USBD_FS_LangIDStrDescriptor)
    USBD_FS_ManufacturerStrDescriptor        0x0800286d   Thumb Code    16  usbd_desc.o(i.USBD_FS_ManufacturerStrDescriptor)
    USBD_FS_ProductStrDescriptor             0x08002895   Thumb Code    16  usbd_desc.o(i.USBD_FS_ProductStrDescriptor)
    USBD_FS_SerialStrDescriptor              0x080028bd   Thumb Code    16  usbd_desc.o(i.USBD_FS_SerialStrDescriptor)
    USBD_GetString                           0x080029c1   Thumb Code    70  usbd_ctlreq.o(i.USBD_GetString)
    USBD_Init                                0x08002a07   Thumb Code    42  usbd_core.o(i.USBD_Init)
    USBD_LL_ClearStallEP                     0x08002a31   Thumb Code    32  usbd_conf.o(i.USBD_LL_ClearStallEP)
    USBD_LL_CloseEP                          0x08002a51   Thumb Code    32  usbd_conf.o(i.USBD_LL_CloseEP)
    USBD_LL_DataInStage                      0x08002a71   Thumb Code   170  usbd_core.o(i.USBD_LL_DataInStage)
    USBD_LL_DataOutStage                     0x08002b1b   Thumb Code   106  usbd_core.o(i.USBD_LL_DataOutStage)
    USBD_LL_DevConnected                     0x08002b85   Thumb Code     4  usbd_core.o(i.USBD_LL_DevConnected)
    USBD_LL_DevDisconnected                  0x08002b89   Thumb Code    22  usbd_core.o(i.USBD_LL_DevDisconnected)
    USBD_LL_FlushEP                          0x08002b9f   Thumb Code    32  usbd_conf.o(i.USBD_LL_FlushEP)
    USBD_LL_GetRxDataSize                    0x08002bbf   Thumb Code     8  usbd_conf.o(i.USBD_LL_GetRxDataSize)
    USBD_LL_Init                             0x08002bc9   Thumb Code    98  usbd_conf.o(i.USBD_LL_Init)
    USBD_LL_IsStallEP                        0x08002c45   Thumb Code    32  usbd_conf.o(i.USBD_LL_IsStallEP)
    USBD_LL_IsoINIncomplete                  0x08002c65   Thumb Code     4  usbd_core.o(i.USBD_LL_IsoINIncomplete)
    USBD_LL_IsoOUTIncomplete                 0x08002c69   Thumb Code     4  usbd_core.o(i.USBD_LL_IsoOUTIncomplete)
    USBD_LL_OpenEP                           0x08002c6d   Thumb Code    38  usbd_conf.o(i.USBD_LL_OpenEP)
    USBD_LL_PrepareReceive                   0x08002c93   Thumb Code    32  usbd_conf.o(i.USBD_LL_PrepareReceive)
    USBD_LL_Reset                            0x08002cb3   Thumb Code    62  usbd_core.o(i.USBD_LL_Reset)
    USBD_LL_Resume                           0x08002cf1   Thumb Code    12  usbd_core.o(i.USBD_LL_Resume)
    USBD_LL_SOF                              0x08002cfd   Thumb Code    24  usbd_core.o(i.USBD_LL_SOF)
    USBD_LL_SetSpeed                         0x08002d15   Thumb Code     6  usbd_core.o(i.USBD_LL_SetSpeed)
    USBD_LL_SetUSBAddress                    0x08002d1b   Thumb Code    32  usbd_conf.o(i.USBD_LL_SetUSBAddress)
    USBD_LL_SetupStage                       0x08002d3b   Thumb Code    90  usbd_core.o(i.USBD_LL_SetupStage)
    USBD_LL_StallEP                          0x08002d95   Thumb Code    32  usbd_conf.o(i.USBD_LL_StallEP)
    USBD_LL_Start                            0x08002db5   Thumb Code    32  usbd_conf.o(i.USBD_LL_Start)
    USBD_LL_Suspend                          0x08002dd5   Thumb Code    18  usbd_core.o(i.USBD_LL_Suspend)
    USBD_LL_Transmit                         0x08002de7   Thumb Code    32  usbd_conf.o(i.USBD_LL_Transmit)
    USBD_MSC_DataIn                          0x08002e07   Thumb Code    10  usbd_msc.o(i.USBD_MSC_DataIn)
    USBD_MSC_DataOut                         0x08002e11   Thumb Code    10  usbd_msc.o(i.USBD_MSC_DataOut)
    USBD_MSC_DeInit                          0x08002e1b   Thumb Code    44  usbd_msc.o(i.USBD_MSC_DeInit)
    USBD_MSC_GetDeviceQualifierDescriptor    0x08002e49   Thumb Code     8  usbd_msc.o(i.USBD_MSC_GetDeviceQualifierDescriptor)
    USBD_MSC_GetFSCfgDesc                    0x08002e55   Thumb Code     8  usbd_msc.o(i.USBD_MSC_GetFSCfgDesc)
    USBD_MSC_GetHSCfgDesc                    0x08002e61   Thumb Code     8  usbd_msc.o(i.USBD_MSC_GetHSCfgDesc)
    USBD_MSC_GetOtherSpeedCfgDesc            0x08002e6d   Thumb Code     8  usbd_msc.o(i.USBD_MSC_GetOtherSpeedCfgDesc)
    USBD_MSC_Init                            0x08002e79   Thumb Code    82  usbd_msc.o(i.USBD_MSC_Init)
    USBD_MSC_RegisterStorage                 0x08002ecb   Thumb Code    10  usbd_msc.o(i.USBD_MSC_RegisterStorage)
    USBD_MSC_Setup                           0x08002ed5   Thumb Code   194  usbd_msc.o(i.USBD_MSC_Setup)
    USBD_ParseSetupRequest                   0x08002f97   Thumb Code    40  usbd_ctlreq.o(i.USBD_ParseSetupRequest)
    USBD_RegisterClass                       0x08002fbf   Thumb Code    16  usbd_core.o(i.USBD_RegisterClass)
    USBD_SetClassConfig                      0x08002fcf   Thumb Code    22  usbd_core.o(i.USBD_SetClassConfig)
    USBD_Start                               0x08003059   Thumb Code    10  usbd_core.o(i.USBD_Start)
    USBD_StdDevReq                           0x08003063   Thumb Code   242  usbd_ctlreq.o(i.USBD_StdDevReq)
    USBD_StdEPReq                            0x08003155   Thumb Code   220  usbd_ctlreq.o(i.USBD_StdEPReq)
    USBD_StdItfReq                           0x08003231   Thumb Code    52  usbd_ctlreq.o(i.USBD_StdItfReq)
    USB_ActivateEndpoint                     0x08003265   Thumb Code   122  stm32f4xx_ll_usb.o(i.USB_ActivateEndpoint)
    USB_ActivateSetup                        0x080032e5   Thumb Code    52  stm32f4xx_ll_usb.o(i.USB_ActivateSetup)
    USB_CoreInit                             0x08003319   Thumb Code   104  stm32f4xx_ll_usb.o(i.USB_CoreInit)
    USB_DeactivateEndpoint                   0x080033bd   Thumb Code   196  stm32f4xx_ll_usb.o(i.USB_DeactivateEndpoint)
    USB_DevConnect                           0x08003485   Thumb Code    24  stm32f4xx_ll_usb.o(i.USB_DevConnect)
    USB_DevDisconnect                        0x0800349d   Thumb Code    24  stm32f4xx_ll_usb.o(i.USB_DevDisconnect)
    USB_DevInit                              0x080034b5   Thumb Code   302  stm32f4xx_ll_usb.o(i.USB_DevInit)
    USB_DisableGlobalInt                     0x080035f5   Thumb Code    12  stm32f4xx_ll_usb.o(i.USB_DisableGlobalInt)
    USB_EP0StartXfer                         0x08003601   Thumb Code   316  stm32f4xx_ll_usb.o(i.USB_EP0StartXfer)
    USB_EP0_OutStart                         0x08003741   Thumb Code    62  stm32f4xx_ll_usb.o(i.USB_EP0_OutStart)
    USB_EPClearStall                         0x0800377f   Thumb Code   100  stm32f4xx_ll_usb.o(i.USB_EPClearStall)
    USB_EPSetStall                           0x080037e3   Thumb Code    94  stm32f4xx_ll_usb.o(i.USB_EPSetStall)
    USB_EPStartXfer                          0x08003841   Thumb Code   534  stm32f4xx_ll_usb.o(i.USB_EPStartXfer)
    USB_EnableGlobalInt                      0x08003a5d   Thumb Code    12  stm32f4xx_ll_usb.o(i.USB_EnableGlobalInt)
    USB_FlushRxFifo                          0x08003a69   Thumb Code    28  stm32f4xx_ll_usb.o(i.USB_FlushRxFifo)
    USB_FlushTxFifo                          0x08003a89   Thumb Code    32  stm32f4xx_ll_usb.o(i.USB_FlushTxFifo)
    USB_GetDevSpeed                          0x08003aad   Thumb Code    60  stm32f4xx_ll_usb.o(i.USB_GetDevSpeed)
    USB_GetMode                              0x08003ae9   Thumb Code     8  stm32f4xx_ll_usb.o(i.USB_GetMode)
    USB_ReadDevAllInEpInterrupt              0x08003af1   Thumb Code    14  stm32f4xx_ll_usb.o(i.USB_ReadDevAllInEpInterrupt)
    USB_ReadDevAllOutEpInterrupt             0x08003aff   Thumb Code    14  stm32f4xx_ll_usb.o(i.USB_ReadDevAllOutEpInterrupt)
    USB_ReadDevInEPInterrupt                 0x08003b0d   Thumb Code    30  stm32f4xx_ll_usb.o(i.USB_ReadDevInEPInterrupt)
    USB_ReadDevOutEPInterrupt                0x08003b2b   Thumb Code    16  stm32f4xx_ll_usb.o(i.USB_ReadDevOutEPInterrupt)
    USB_ReadInterrupts                       0x08003b3b   Thumb Code     8  stm32f4xx_ll_usb.o(i.USB_ReadInterrupts)
    USB_ReadPacket                           0x08003b43   Thumb Code    32  stm32f4xx_ll_usb.o(i.USB_ReadPacket)
    USB_SetCurrentMode                       0x08003b63   Thumb Code    44  stm32f4xx_ll_usb.o(i.USB_SetCurrentMode)
    USB_SetDevAddress                        0x08003b8f   Thumb Code    34  stm32f4xx_ll_usb.o(i.USB_SetDevAddress)
    USB_WritePacket                          0x08003bb1   Thumb Code    40  stm32f4xx_ll_usb.o(i.USB_WritePacket)
    USER_initialize                          0x08003bd9   Thumb Code    10  user_diskio.o(i.USER_initialize)
    USER_ioctl                               0x08003be9   Thumb Code     4  user_diskio.o(i.USER_ioctl)
    USER_read                                0x08003bed   Thumb Code     4  user_diskio.o(i.USER_read)
    USER_status                              0x08003bf1   Thumb Code    10  user_diskio.o(i.USER_status)
    USER_write                               0x08003c01   Thumb Code     4  user_diskio.o(i.USER_write)
    UsageFault_Handler                       0x08003c05   Thumb Code     2  stm32f4xx_it.o(i.UsageFault_Handler)
    _Error_Handler                           0x08003c07   Thumb Code     2  main.o(i._Error_Handler)
    __scatterload_copy                       0x08003c09   Thumb Code    14  handlers.o(i.__scatterload_copy)
    __scatterload_null                       0x08003c17   Thumb Code     2  handlers.o(i.__scatterload_null)
    __scatterload_zeroinit                   0x08003c19   Thumb Code    14  handlers.o(i.__scatterload_zeroinit)
    free                                     0x08003c29   Thumb Code    76  malloc.o(i.free)
    main                                     0x08003c79   Thumb Code   128  main.o(i.main)
    malloc                                   0x08003d11   Thumb Code    92  malloc.o(i.malloc)
    MSC_Page00_Inquiry_Data                  0x08003d7c   Data           7  usbd_msc_data.o(.constdata)
    MSC_Mode_Sense6_data                     0x08003d83   Data           8  usbd_msc_data.o(.constdata)
    MSC_Mode_Sense10_data                    0x08003d8b   Data           8  usbd_msc_data.o(.constdata)
    AHBPrescTable                            0x08003d93   Data          16  system_stm32f4xx.o(.constdata)
    APBPrescTable                            0x08003da3   Data           8  system_stm32f4xx.o(.constdata)
    STORAGE_Inquirydata_FS                   0x08003dab   Data          36  usbd_storage_if.o(.constdata)
    Region$$Table$$Base                      0x08003dd0   Number         0  anon$$obj.o(Region$$Table)
    Region$$Table$$Limit                     0x08003df0   Number         0  anon$$obj.o(Region$$Table)
    USBD_MSC                                 0x20000000   Data          56  usbd_msc.o(.data)
    USBD_MSC_CfgHSDesc                       0x20000038   Data          32  usbd_msc.o(.data)
    USBD_MSC_CfgFSDesc                       0x20000058   Data          32  usbd_msc.o(.data)
    USBD_MSC_OtherSpeedCfgDesc               0x20000078   Data          32  usbd_msc.o(.data)
    USBD_MSC_DeviceQualifierDesc             0x20000098   Data          10  usbd_msc.o(.data)
    SystemCoreClock                          0x200000a4   Data           4  system_stm32f4xx.o(.data)
    uwTick                                   0x200000a8   Data           4  stm32f4xx_hal.o(.data)
    FS_Desc                                  0x200000ac   Data          28  usbd_desc.o(.data)
    USBD_LangIDDesc                          0x200000c8   Data           4  usbd_desc.o(.data)
    USBD_FS_DeviceDesc                       0x200000cc   Data          18  usbd_desc.o(.data)
    retUSER                                  0x200000de   Data           1  fatfs.o(.data)
    USERPath                                 0x200000df   Data           4  fatfs.o(.data)
    USER_Driver                              0x200000e4   Data          20  user_diskio.o(.data)
    hcrc                                     0x200000f8   Data           8  main.o(.data)
    USBD_Storage_Interface_fops_FS           0x20000100   Data          32  usbd_storage_if.o(.data)
    __microlib_freelist                      0x20000120   Data           4  mvars.o(.data)
    __microlib_freelist_initialised          0x20000124   Data           4  mvars.o(.data)
    disk                                     0x20000128   Data          12  ff_gen_drv.o(.bss)
    USBD_StrDesc                             0x20000134   Data         512  usbd_desc.o(.bss)
    hpcd_USB_OTG_FS                          0x20000334   Data        1008  usbd_conf.o(.bss)
    hrng                                     0x20000724   Data          12  main.o(.bss)
    hrtc                                     0x20000730   Data          32  main.o(.bss)
    hspi1                                    0x20000750   Data          88  main.o(.bss)
    huart1                                   0x200007a8   Data          64  main.o(.bss)
    hUsbDeviceFS                             0x200007e8   Data         548  usb_device.o(.bss)
    __heap_base                              0x20000a10   Data           0  startup_stm32f405xx.o(HEAP)
    __heap_limit                             0x20005a10   Data           0  startup_stm32f405xx.o(HEAP)
    __initial_sp                             0x20008a10   Data           0  startup_stm32f405xx.o(STACK)



==============================================================================

Memory Map of the image

  Image Entry point : 0x08000189

  Load Region LR_IROM1 (Base: 0x08000000, Size: 0x00003f18, Max: 0x00100000, ABSOLUTE)

    Execution Region ER_IROM1 (Base: 0x08000000, Size: 0x00003df0, Max: 0x00100000, ABSOLUTE)

    Base Addr    Size         Type   Attr      Idx    E Section Name        Object

    0x08000000   0x00000188   Data   RO         4660    RESET               startup_stm32f405xx.o
    0x08000188   0x00000000   Code   RO         4665  * .ARM.Collect$$$$00000000  mc_w.l(entry.o)
    0x08000188   0x00000004   Code   RO         4700    .ARM.Collect$$$$00000001  mc_w.l(entry2.o)
    0x0800018c   0x00000004   Code   RO         4703    .ARM.Collect$$$$00000004  mc_w.l(entry5.o)
    0x08000190   0x00000000   Code   RO         4705    .ARM.Collect$$$$00000008  mc_w.l(entry7b.o)
    0x08000190   0x00000000   Code   RO         4707    .ARM.Collect$$$$0000000A  mc_w.l(entry8b.o)
    0x08000190   0x00000008   Code   RO         4708    .ARM.Collect$$$$0000000B  mc_w.l(entry9a.o)
    0x08000198   0x00000000   Code   RO         4710    .ARM.Collect$$$$0000000D  mc_w.l(entry10a.o)
    0x08000198   0x00000000   Code   RO         4712    .ARM.Collect$$$$0000000F  mc_w.l(entry11a.o)
    0x08000198   0x00000004   Code   RO         4701    .ARM.Collect$$$$00002712  mc_w.l(entry2.o)
    0x0800019c   0x00000024   Code   RO         4661    .text               startup_stm32f405xx.o
    0x080001c0   0x00000024   Code   RO         4668    .text               mc_w.l(memcpya.o)
    0x080001e4   0x00000024   Code   RO         4716    .text               mc_w.l(init.o)
    0x08000208   0x00000002   Code   RO         4338    i.BusFault_Handler  stm32f4xx_it.o
    0x0800020a   0x00000002   Code   RO         4339    i.DebugMon_Handler  stm32f4xx_it.o
    0x0800020c   0x00000006   Code   RO         1097    i.FATFS_LinkDriver  ff_gen_drv.o
    0x08000212   0x00000002   PAD
    0x08000214   0x00000040   Code   RO         1098    i.FATFS_LinkDriverEx  ff_gen_drv.o
    0x08000254   0x00000026   Code   RO         2248    i.HAL_CRC_Init      stm32f4xx_hal_crc.o
    0x0800027a   0x00000002   PAD
    0x0800027c   0x00000028   Code   RO         4517    i.HAL_CRC_MspInit   stm32f4xx_hal_msp.o
    0x080002a4   0x0000001c   Code   RO         3738    i.HAL_Delay         stm32f4xx_hal.o
    0x080002c0   0x000001b0   Code   RO         3489    i.HAL_GPIO_Init     stm32f4xx_hal_gpio.o
    0x08000470   0x0000000a   Code   RO         3493    i.HAL_GPIO_WritePin  stm32f4xx_hal_gpio.o
    0x0800047a   0x00000002   PAD
    0x0800047c   0x0000000c   Code   RO         3744    i.HAL_GetTick       stm32f4xx_hal.o
    0x08000488   0x00000010   Code   RO         3746    i.HAL_IncTick       stm32f4xx_hal.o
    0x08000498   0x00000034   Code   RO         3747    i.HAL_Init          stm32f4xx_hal.o
    0x080004cc   0x00000028   Code   RO         3748    i.HAL_InitTick      stm32f4xx_hal.o
    0x080004f4   0x00000058   Code   RO         4518    i.HAL_MspInit       stm32f4xx_hal_msp.o
    0x0800054c   0x00000016   Code   RO         1996    i.HAL_NVIC_EnableIRQ  stm32f4xx_hal_cortex.o
    0x08000562   0x00000002   PAD
    0x08000564   0x00000040   Code   RO         2002    i.HAL_NVIC_SetPriority  stm32f4xx_hal_cortex.o
    0x080005a4   0x00000024   Code   RO         2003    i.HAL_NVIC_SetPriorityGrouping  stm32f4xx_hal_cortex.o
    0x080005c8   0x00000008   Code   RO         1576    i.HAL_PCDEx_SetRxFiFo  stm32f4xx_hal_pcd_ex.o
    0x080005d0   0x00000044   Code   RO         1577    i.HAL_PCDEx_SetTxFiFo  stm32f4xx_hal_pcd_ex.o
    0x08000614   0x00000008   Code   RO         4048    i.HAL_PCD_ConnectCallback  usbd_conf.o
    0x0800061c   0x00000012   Code   RO         4049    i.HAL_PCD_DataInStageCallback  usbd_conf.o
    0x0800062e   0x00000014   Code   RO         4050    i.HAL_PCD_DataOutStageCallback  usbd_conf.o
    0x08000642   0x00000008   Code   RO         4051    i.HAL_PCD_DisconnectCallback  usbd_conf.o
    0x0800064a   0x00000044   Code   RO         1246    i.HAL_PCD_EP_Close  stm32f4xx_hal_pcd.o
    0x0800068e   0x00000050   Code   RO         1247    i.HAL_PCD_EP_ClrStall  stm32f4xx_hal_pcd.o
    0x080006de   0x00000034   Code   RO         1248    i.HAL_PCD_EP_Flush  stm32f4xx_hal_pcd.o
    0x08000712   0x00000014   Code   RO         1249    i.HAL_PCD_EP_GetRxCount  stm32f4xx_hal_pcd.o
    0x08000726   0x00000054   Code   RO         1250    i.HAL_PCD_EP_Open   stm32f4xx_hal_pcd.o
    0x0800077a   0x00000048   Code   RO         1251    i.HAL_PCD_EP_Receive  stm32f4xx_hal_pcd.o
    0x080007c2   0x00000060   Code   RO         1252    i.HAL_PCD_EP_SetStall  stm32f4xx_hal_pcd.o
    0x08000822   0x00000040   Code   RO         1253    i.HAL_PCD_EP_Transmit  stm32f4xx_hal_pcd.o
    0x08000862   0x00000002   PAD
    0x08000864   0x000004f4   Code   RO         1255    i.HAL_PCD_IRQHandler  stm32f4xx_hal_pcd.o
    0x08000d58   0x00000008   Code   RO         4052    i.HAL_PCD_ISOINIncompleteCallback  usbd_conf.o
    0x08000d60   0x00000008   Code   RO         4053    i.HAL_PCD_ISOOUTIncompleteCallback  usbd_conf.o
    0x08000d68   0x000000be   Code   RO         1258    i.HAL_PCD_Init      stm32f4xx_hal_pcd.o
    0x08000e26   0x00000002   PAD
    0x08000e28   0x00000064   Code   RO         4055    i.HAL_PCD_MspInit   usbd_conf.o
    0x08000e8c   0x00000020   Code   RO         4056    i.HAL_PCD_ResetCallback  usbd_conf.o
    0x08000eac   0x00000008   Code   RO         4057    i.HAL_PCD_ResumeCallback  usbd_conf.o
    0x08000eb4   0x00000008   Code   RO         4058    i.HAL_PCD_SOFCallback  usbd_conf.o
    0x08000ebc   0x00000024   Code   RO         1264    i.HAL_PCD_SetAddress  stm32f4xx_hal_pcd.o
    0x08000ee0   0x0000000e   Code   RO         4059    i.HAL_PCD_SetupStageCallback  usbd_conf.o
    0x08000eee   0x0000002a   Code   RO         1266    i.HAL_PCD_Start     stm32f4xx_hal_pcd.o
    0x08000f18   0x00000030   Code   RO         4060    i.HAL_PCD_SuspendCallback  usbd_conf.o
    0x08000f48   0x00000154   Code   RO         3886    i.HAL_RCCEx_PeriphCLKConfig  stm32f4xx_hal_rcc_ex.o
    0x0800109c   0x00000002   Code   RO         1889    i.HAL_RCC_CSSCallback  stm32f4xx_hal_rcc.o
    0x0800109e   0x00000002   PAD
    0x080010a0   0x0000017c   Code   RO         1890    i.HAL_RCC_ClockConfig  stm32f4xx_hal_rcc.o
    0x0800121c   0x0000000c   Code   RO         1893    i.HAL_RCC_EnableCSS  stm32f4xx_hal_rcc.o
    0x08001228   0x0000000c   Code   RO         1895    i.HAL_RCC_GetHCLKFreq  stm32f4xx_hal_rcc.o
    0x08001234   0x00000030   Code   RO         1897    i.HAL_RCC_GetPCLK1Freq  stm32f4xx_hal_rcc.o
    0x08001264   0x00000030   Code   RO         1898    i.HAL_RCC_GetPCLK2Freq  stm32f4xx_hal_rcc.o
    0x08001294   0x00000074   Code   RO         1899    i.HAL_RCC_GetSysClockFreq  stm32f4xx_hal_rcc.o
    0x08001308   0x0000001c   Code   RO         1901    i.HAL_RCC_NMI_IRQHandler  stm32f4xx_hal_rcc.o
    0x08001324   0x00000314   Code   RO         1902    i.HAL_RCC_OscConfig  stm32f4xx_hal_rcc.o
    0x08001638   0x0000003e   Code   RO         2540    i.HAL_RNG_Init      stm32f4xx_hal_rng.o
    0x08001676   0x00000002   PAD
    0x08001678   0x00000028   Code   RO         4520    i.HAL_RNG_MspInit   stm32f4xx_hal_msp.o
    0x080016a0   0x0000009c   Code   RO         3357    i.HAL_RTC_Init      stm32f4xx_hal_rtc.o
    0x0800173c   0x00000018   Code   RO         4522    i.HAL_RTC_MspInit   stm32f4xx_hal_msp.o
    0x08001754   0x00000080   Code   RO         2639    i.HAL_SPI_Init      stm32f4xx_hal_spi.o
    0x080017d4   0x00000064   Code   RO         4524    i.HAL_SPI_MspInit   stm32f4xx_hal_msp.o
    0x08001838   0x00000018   Code   RO         2005    i.HAL_SYSTICK_CLKSourceConfig  stm32f4xx_hal_cortex.o
    0x08001850   0x00000002   Code   RO         2006    i.HAL_SYSTICK_Callback  stm32f4xx_hal_cortex.o
    0x08001852   0x00000028   Code   RO         2007    i.HAL_SYSTICK_Config  stm32f4xx_hal_cortex.o
    0x0800187a   0x00000008   Code   RO         2008    i.HAL_SYSTICK_IRQHandler  stm32f4xx_hal_cortex.o
    0x08001882   0x00000062   Code   RO         3048    i.HAL_UART_Init     stm32f4xx_hal_uart.o
    0x080018e4   0x0000004c   Code   RO         4526    i.HAL_UART_MspInit  stm32f4xx_hal_msp.o
    0x08001930   0x00000002   Code   RO         4340    i.HardFault_Handler  stm32f4xx_it.o
    0x08001932   0x00000042   Code   RO          593    i.MSC_BOT_Abort     usbd_msc_bot.o
    0x08001974   0x000000cc   Code   RO          594    i.MSC_BOT_CBW_Decode  usbd_msc_bot.o
    0x08001a40   0x0000002a   Code   RO          595    i.MSC_BOT_CplClrFeature  usbd_msc_bot.o
    0x08001a6a   0x0000003a   Code   RO          596    i.MSC_BOT_DataIn    usbd_msc_bot.o
    0x08001aa4   0x0000003a   Code   RO          597    i.MSC_BOT_DataOut   usbd_msc_bot.o
    0x08001ade   0x0000000a   Code   RO          598    i.MSC_BOT_DeInit    usbd_msc_bot.o
    0x08001ae8   0x00000042   Code   RO          599    i.MSC_BOT_Init      usbd_msc_bot.o
    0x08001b2a   0x00000016   Code   RO          600    i.MSC_BOT_Reset     usbd_msc_bot.o
    0x08001b40   0x0000003c   Code   RO          601    i.MSC_BOT_SendCSW   usbd_msc_bot.o
    0x08001b7c   0x0000001c   Code   RO         4237    i.MX_FATFS_Init     fatfs.o
    0x08001b98   0x00000108   Code   RO         4420    i.MX_GPIO_Init      main.o
    0x08001ca0   0x00000040   Code   RO         4421    i.MX_SPI1_Init      main.o
    0x08001ce0   0x00000038   Code   RO         4478    i.MX_USB_DEVICE_Init  usb_device.o
    0x08001d18   0x00000002   Code   RO         4341    i.MemManage_Handler  stm32f4xx_it.o
    0x08001d1a   0x00000004   Code   RO         4342    i.NMI_Handler       stm32f4xx_it.o
    0x08001d1e   0x00000020   Code   RO         2009    i.NVIC_SetPriority  stm32f4xx_hal_cortex.o
    0x08001d3e   0x00000002   PAD
    0x08001d40   0x0000000c   Code   RO         4343    i.OTG_FS_IRQHandler  stm32f4xx_it.o
    0x08001d4c   0x00000088   Code   RO         1269    i.PCD_WriteEmptyTxFifo  stm32f4xx_hal_pcd.o
    0x08001dd4   0x00000002   Code   RO         4344    i.PendSV_Handler    stm32f4xx_it.o
    0x08001dd6   0x00000002   PAD
    0x08001dd8   0x0000003a   Code   RO         3368    i.RTC_EnterInitMode  stm32f4xx_hal_rtc.o
    0x08001e12   0x00000022   Code   RO          153    i.SCSI_CheckAddressRange  usbd_msc_scsi.o
    0x08001e34   0x000001cc   Code   RO          154    i.SCSI_ProcessCmd   usbd_msc_scsi.o
    0x08002000   0x0000008c   Code   RO          155    i.SCSI_ProcessRead  usbd_msc_scsi.o
    0x0800208c   0x00000098   Code   RO          156    i.SCSI_ProcessWrite  usbd_msc_scsi.o
    0x08002124   0x000000aa   Code   RO          157    i.SCSI_Read10       usbd_msc_scsi.o
    0x080021ce   0x00000056   Code   RO          158    i.SCSI_ReadCapacity10  usbd_msc_scsi.o
    0x08002224   0x0000006e   Code   RO          159    i.SCSI_ReadFormatCapacity  usbd_msc_scsi.o
    0x08002292   0x00000036   Code   RO          160    i.SCSI_SenseCode    usbd_msc_scsi.o
    0x080022c8   0x000000ca   Code   RO          161    i.SCSI_Write10      usbd_msc_scsi.o
    0x08002392   0x0000000e   Code   RO         4600    i.STORAGE_GetCapacity_FS  usbd_storage_if.o
    0x080023a0   0x00000004   Code   RO         4601    i.STORAGE_GetMaxLun_FS  usbd_storage_if.o
    0x080023a4   0x00000004   Code   RO         4602    i.STORAGE_Init_FS   usbd_storage_if.o
    0x080023a8   0x00000004   Code   RO         4603    i.STORAGE_IsReady_FS  usbd_storage_if.o
    0x080023ac   0x00000004   Code   RO         4604    i.STORAGE_IsWriteProtected_FS  usbd_storage_if.o
    0x080023b0   0x00000004   Code   RO         4605    i.STORAGE_Read_FS   usbd_storage_if.o
    0x080023b4   0x00000004   Code   RO         4606    i.STORAGE_Write_FS  usbd_storage_if.o
    0x080023b8   0x00000002   Code   RO         4345    i.SVC_Handler       stm32f4xx_it.o
    0x080023ba   0x0000000e   Code   RO         4346    i.SysTick_Handler   stm32f4xx_it.o
    0x080023c8   0x000000bc   Code   RO         4422    i.SystemClock_Config  main.o
    0x08002484   0x00000054   Code   RO          664    i.SystemInit        system_stm32f4xx.o
    0x080024d8   0x000002ac   Code   RO         3074    i.UART_SetConfig    stm32f4xx_hal_uart.o
    0x08002784   0x0000000e   Code   RO          395    i.USBD_ClrClassConfig  usbd_core.o
    0x08002792   0x00000010   Code   RO          533    i.USBD_CtlContinueRx  usbd_ioreq.o
    0x080027a2   0x00000010   Code   RO          534    i.USBD_CtlContinueSendData  usbd_ioreq.o
    0x080027b2   0x00000016   Code   RO          330    i.USBD_CtlError     usbd_ctlreq.o
    0x080027c8   0x00000016   Code   RO          536    i.USBD_CtlReceiveStatus  usbd_ioreq.o
    0x080027de   0x0000001a   Code   RO          537    i.USBD_CtlSendData  usbd_ioreq.o
    0x080027f8   0x00000016   Code   RO          538    i.USBD_CtlSendStatus  usbd_ioreq.o
    0x0800280e   0x00000002   PAD
    0x08002810   0x00000020   Code   RO         3980    i.USBD_FS_ConfigStrDescriptor  usbd_desc.o
    0x08002830   0x0000000c   Code   RO         3981    i.USBD_FS_DeviceDescriptor  usbd_desc.o
    0x0800283c   0x00000024   Code   RO         3982    i.USBD_FS_InterfaceStrDescriptor  usbd_desc.o
    0x08002860   0x0000000c   Code   RO         3983    i.USBD_FS_LangIDStrDescriptor  usbd_desc.o
    0x0800286c   0x00000028   Code   RO         3984    i.USBD_FS_ManufacturerStrDescriptor  usbd_desc.o
    0x08002894   0x00000028   Code   RO         3985    i.USBD_FS_ProductStrDescriptor  usbd_desc.o
    0x080028bc   0x00000024   Code   RO         3986    i.USBD_FS_SerialStrDescriptor  usbd_desc.o
    0x080028e0   0x000000e0   Code   RO          331    i.USBD_GetDescriptor  usbd_ctlreq.o
    0x080029c0   0x00000046   Code   RO          332    i.USBD_GetString    usbd_ctlreq.o
    0x08002a06   0x0000002a   Code   RO          397    i.USBD_Init         usbd_core.o
    0x08002a30   0x00000020   Code   RO         4061    i.USBD_LL_ClearStallEP  usbd_conf.o
    0x08002a50   0x00000020   Code   RO         4062    i.USBD_LL_CloseEP   usbd_conf.o
    0x08002a70   0x000000aa   Code   RO          398    i.USBD_LL_DataInStage  usbd_core.o
    0x08002b1a   0x0000006a   Code   RO          399    i.USBD_LL_DataOutStage  usbd_core.o
    0x08002b84   0x00000004   Code   RO          400    i.USBD_LL_DevConnected  usbd_core.o
    0x08002b88   0x00000016   Code   RO          401    i.USBD_LL_DevDisconnected  usbd_core.o
    0x08002b9e   0x00000020   Code   RO         4065    i.USBD_LL_FlushEP   usbd_conf.o
    0x08002bbe   0x00000008   Code   RO         4066    i.USBD_LL_GetRxDataSize  usbd_conf.o
    0x08002bc6   0x00000002   PAD
    0x08002bc8   0x0000007c   Code   RO         4067    i.USBD_LL_Init      usbd_conf.o
    0x08002c44   0x00000020   Code   RO         4068    i.USBD_LL_IsStallEP  usbd_conf.o
    0x08002c64   0x00000004   Code   RO          402    i.USBD_LL_IsoINIncomplete  usbd_core.o
    0x08002c68   0x00000004   Code   RO          403    i.USBD_LL_IsoOUTIncomplete  usbd_core.o
    0x08002c6c   0x00000026   Code   RO         4069    i.USBD_LL_OpenEP    usbd_conf.o
    0x08002c92   0x00000020   Code   RO         4070    i.USBD_LL_PrepareReceive  usbd_conf.o
    0x08002cb2   0x0000003e   Code   RO          404    i.USBD_LL_Reset     usbd_core.o
    0x08002cf0   0x0000000c   Code   RO          405    i.USBD_LL_Resume    usbd_core.o
    0x08002cfc   0x00000018   Code   RO          406    i.USBD_LL_SOF       usbd_core.o
    0x08002d14   0x00000006   Code   RO          407    i.USBD_LL_SetSpeed  usbd_core.o
    0x08002d1a   0x00000020   Code   RO         4071    i.USBD_LL_SetUSBAddress  usbd_conf.o
    0x08002d3a   0x0000005a   Code   RO          408    i.USBD_LL_SetupStage  usbd_core.o
    0x08002d94   0x00000020   Code   RO         4072    i.USBD_LL_StallEP   usbd_conf.o
    0x08002db4   0x00000020   Code   RO         4073    i.USBD_LL_Start     usbd_conf.o
    0x08002dd4   0x00000012   Code   RO          409    i.USBD_LL_Suspend   usbd_core.o
    0x08002de6   0x00000020   Code   RO         4075    i.USBD_LL_Transmit  usbd_conf.o
    0x08002e06   0x0000000a   Code   RO          245    i.USBD_MSC_DataIn   usbd_msc.o
    0x08002e10   0x0000000a   Code   RO          246    i.USBD_MSC_DataOut  usbd_msc.o
    0x08002e1a   0x0000002c   Code   RO          247    i.USBD_MSC_DeInit   usbd_msc.o
    0x08002e46   0x00000002   PAD
    0x08002e48   0x0000000c   Code   RO          248    i.USBD_MSC_GetDeviceQualifierDescriptor  usbd_msc.o
    0x08002e54   0x0000000c   Code   RO          249    i.USBD_MSC_GetFSCfgDesc  usbd_msc.o
    0x08002e60   0x0000000c   Code   RO          250    i.USBD_MSC_GetHSCfgDesc  usbd_msc.o
    0x08002e6c   0x0000000c   Code   RO          251    i.USBD_MSC_GetOtherSpeedCfgDesc  usbd_msc.o
    0x08002e78   0x00000052   Code   RO          252    i.USBD_MSC_Init     usbd_msc.o
    0x08002eca   0x0000000a   Code   RO          253    i.USBD_MSC_RegisterStorage  usbd_msc.o
    0x08002ed4   0x000000c2   Code   RO          254    i.USBD_MSC_Setup    usbd_msc.o
    0x08002f96   0x00000028   Code   RO          333    i.USBD_ParseSetupRequest  usbd_ctlreq.o
    0x08002fbe   0x00000010   Code   RO          410    i.USBD_RegisterClass  usbd_core.o
    0x08002fce   0x00000016   Code   RO          412    i.USBD_SetClassConfig  usbd_core.o
    0x08002fe4   0x00000074   Code   RO          334    i.USBD_SetConfig    usbd_ctlreq.o
    0x08003058   0x0000000a   Code   RO          413    i.USBD_Start        usbd_core.o
    0x08003062   0x000000f2   Code   RO          335    i.USBD_StdDevReq    usbd_ctlreq.o
    0x08003154   0x000000dc   Code   RO          336    i.USBD_StdEPReq     usbd_ctlreq.o
    0x08003230   0x00000034   Code   RO          337    i.USBD_StdItfReq    usbd_ctlreq.o
    0x08003264   0x00000080   Code   RO         1607    i.USB_ActivateEndpoint  stm32f4xx_ll_usb.o
    0x080032e4   0x00000034   Code   RO         1608    i.USB_ActivateSetup  stm32f4xx_ll_usb.o
    0x08003318   0x0000006c   Code   RO         1610    i.USB_CoreInit      stm32f4xx_ll_usb.o
    0x08003384   0x00000038   Code   RO         1611    i.USB_CoreReset     stm32f4xx_ll_usb.o
    0x080033bc   0x000000c8   Code   RO         1613    i.USB_DeactivateEndpoint  stm32f4xx_ll_usb.o
    0x08003484   0x00000018   Code   RO         1614    i.USB_DevConnect    stm32f4xx_ll_usb.o
    0x0800349c   0x00000018   Code   RO         1615    i.USB_DevDisconnect  stm32f4xx_ll_usb.o
    0x080034b4   0x00000140   Code   RO         1616    i.USB_DevInit       stm32f4xx_ll_usb.o
    0x080035f4   0x0000000c   Code   RO         1617    i.USB_DisableGlobalInt  stm32f4xx_ll_usb.o
    0x08003600   0x00000140   Code   RO         1620    i.USB_EP0StartXfer  stm32f4xx_ll_usb.o
    0x08003740   0x0000003e   Code   RO         1621    i.USB_EP0_OutStart  stm32f4xx_ll_usb.o
    0x0800377e   0x00000064   Code   RO         1622    i.USB_EPClearStall  stm32f4xx_ll_usb.o
    0x080037e2   0x0000005e   Code   RO         1623    i.USB_EPSetStall    stm32f4xx_ll_usb.o
    0x08003840   0x0000021c   Code   RO         1624    i.USB_EPStartXfer   stm32f4xx_ll_usb.o
    0x08003a5c   0x0000000c   Code   RO         1625    i.USB_EnableGlobalInt  stm32f4xx_ll_usb.o
    0x08003a68   0x00000020   Code   RO         1626    i.USB_FlushRxFifo   stm32f4xx_ll_usb.o
    0x08003a88   0x00000024   Code   RO         1627    i.USB_FlushTxFifo   stm32f4xx_ll_usb.o
    0x08003aac   0x0000003c   Code   RO         1629    i.USB_GetDevSpeed   stm32f4xx_ll_usb.o
    0x08003ae8   0x00000008   Code   RO         1631    i.USB_GetMode       stm32f4xx_ll_usb.o
    0x08003af0   0x0000000e   Code   RO         1638    i.USB_ReadDevAllInEpInterrupt  stm32f4xx_ll_usb.o
    0x08003afe   0x0000000e   Code   RO         1639    i.USB_ReadDevAllOutEpInterrupt  stm32f4xx_ll_usb.o
    0x08003b0c   0x0000001e   Code   RO         1640    i.USB_ReadDevInEPInterrupt  stm32f4xx_ll_usb.o
    0x08003b2a   0x00000010   Code   RO         1641    i.USB_ReadDevOutEPInterrupt  stm32f4xx_ll_usb.o
    0x08003b3a   0x00000008   Code   RO         1642    i.USB_ReadInterrupts  stm32f4xx_ll_usb.o
    0x08003b42   0x00000020   Code   RO         1643    i.USB_ReadPacket    stm32f4xx_ll_usb.o
    0x08003b62   0x0000002c   Code   RO         1645    i.USB_SetCurrentMode  stm32f4xx_ll_usb.o
    0x08003b8e   0x00000022   Code   RO         1646    i.USB_SetDevAddress  stm32f4xx_ll_usb.o
    0x08003bb0   0x00000028   Code   RO         1650    i.USB_WritePacket   stm32f4xx_ll_usb.o
    0x08003bd8   0x00000010   Code   RO         4279    i.USER_initialize   user_diskio.o
    0x08003be8   0x00000004   Code   RO         4280    i.USER_ioctl        user_diskio.o
    0x08003bec   0x00000004   Code   RO         4281    i.USER_read         user_diskio.o
    0x08003bf0   0x00000010   Code   RO         4282    i.USER_status       user_diskio.o
    0x08003c00   0x00000004   Code   RO         4283    i.USER_write        user_diskio.o
    0x08003c04   0x00000002   Code   RO         4347    i.UsageFault_Handler  stm32f4xx_it.o
    0x08003c06   0x00000002   Code   RO         4423    i._Error_Handler    main.o
    0x08003c08   0x0000000e   Code   RO         4720    i.__scatterload_copy  mc_w.l(handlers.o)
    0x08003c16   0x00000002   Code   RO         4721    i.__scatterload_null  mc_w.l(handlers.o)
    0x08003c18   0x0000000e   Code   RO         4722    i.__scatterload_zeroinit  mc_w.l(handlers.o)
    0x08003c26   0x00000002   PAD
    0x08003c28   0x00000050   Code   RO         4672    i.free              mc_w.l(malloc.o)
    0x08003c78   0x00000098   Code   RO         4424    i.main              main.o
    0x08003d10   0x0000006c   Code   RO         4673    i.malloc            mc_w.l(malloc.o)
    0x08003d7c   0x00000007   Data   RO            4    .constdata          usbd_msc_data.o
    0x08003d83   0x00000008   Data   RO            5    .constdata          usbd_msc_data.o
    0x08003d8b   0x00000008   Data   RO            6    .constdata          usbd_msc_data.o
    0x08003d93   0x00000010   Data   RO          665    .constdata          system_stm32f4xx.o
    0x08003da3   0x00000008   Data   RO          666    .constdata          system_stm32f4xx.o
    0x08003dab   0x00000024   Data   RO         4607    .constdata          usbd_storage_if.o
    0x08003dcf   0x00000001   PAD
    0x08003dd0   0x00000020   Data   RO         4718    Region$$Table       anon$$obj.o


    Execution Region RW_IRAM1 (Base: 0x20000000, Size: 0x00008a10, Max: 0x00020000, ABSOLUTE)

    Base Addr    Size         Type   Attr      Idx    E Section Name        Object

    0x20000000   0x00000038   Data   RW          255    .data               usbd_msc.o
    0x20000038   0x0000006a   Data   RW          256    .data               usbd_msc.o
    0x200000a2   0x00000001   Data   RW          338    .data               usbd_ctlreq.o
    0x200000a3   0x00000001   PAD
    0x200000a4   0x00000004   Data   RW          667    .data               system_stm32f4xx.o
    0x200000a8   0x00000004   Data   RW         3753    .data               stm32f4xx_hal.o
    0x200000ac   0x0000001c   Data   RW         3988    .data               usbd_desc.o
    0x200000c8   0x00000016   Data   RW         3989    .data               usbd_desc.o
    0x200000de   0x00000005   Data   RW         4241    .data               fatfs.o
    0x200000e3   0x00000001   Data   RW         4284    .data               user_diskio.o
    0x200000e4   0x00000014   Data   RW         4285    .data               user_diskio.o
    0x200000f8   0x00000008   Data   RW         4426    .data               main.o
    0x20000100   0x00000020   Data   RW         4608    .data               usbd_storage_if.o
    0x20000120   0x00000004   Data   RW         4714    .data               mc_w.l(mvars.o)
    0x20000124   0x00000004   Data   RW         4715    .data               mc_w.l(mvars.o)
    0x20000128   0x0000000c   Zero   RW         1101    .bss                ff_gen_drv.o
    0x20000134   0x00000200   Zero   RW         3987    .bss                usbd_desc.o
    0x20000334   0x000003f0   Zero   RW         4076    .bss                usbd_conf.o
    0x20000724   0x000000c4   Zero   RW         4425    .bss                main.o
    0x200007e8   0x00000224   Zero   RW         4479    .bss                usb_device.o
    0x20000a0c   0x00000004   PAD
    0x20000a10   0x00005000   Zero   RW         4659    HEAP                startup_stm32f405xx.o
    0x20005a10   0x00003000   Zero   RW         4658    STACK               startup_stm32f405xx.o


==============================================================================

Image component sizes


      Code (inc. data)   RO Data    RW Data    ZI Data      Debug   Object Name

        28         10          0          5          0       1086   fatfs.o
         0          0          0          0          0       4180   ff.o
        70          4          0          0         12       2455   ff_gen_drv.o
       670         60          0          8        196       4247   main.o
        36          8        392          0      32768        824   startup_stm32f405xx.o
       148         22          0          4          0       4563   stm32f4xx_hal.o
       228         14          0          0          0      32325   stm32f4xx_hal_cortex.o
        38          0          0          0          0       1091   stm32f4xx_hal_crc.o
       442         44          0          0          0       2484   stm32f4xx_hal_gpio.o
       368         60          0          0          0       4005   stm32f4xx_hal_msp.o
      2208         72          0          0          0      12368   stm32f4xx_hal_pcd.o
        76          0          0          0          0       1908   stm32f4xx_hal_pcd_ex.o
      1434         88          0          0          0       7499   stm32f4xx_hal_rcc.o
       340         20          0          0          0       1424   stm32f4xx_hal_rcc_ex.o
        62          0          0          0          0       1143   stm32f4xx_hal_rng.o
       214          6          0          0          0       2159   stm32f4xx_hal_rtc.o
       128          0          0          0          0       1251   stm32f4xx_hal_spi.o
       782          8          0          0          0       2116   stm32f4xx_hal_uart.o
        44          6          0          0          0       4786   stm32f4xx_it.o
      2420         56          0          0          0      20976   stm32f4xx_ll_usb.o
        84         18         24          4          0       1219   system_stm32f4xx.o
        56         18          0          0        548        764   usb_device.o
       738         38          0          0       1008      15644   usbd_conf.o
       626          0          0          0          0      12370   usbd_core.o
       986         30          0          1          0       8168   usbd_ctlreq.o
       208        112          0         50        512       5327   usbd_desc.o
       102          0          0          0          0       3924   usbd_ioreq.o
       398         16          0        162          0       9640   usbd_msc.o
       586         12          0          0          0       7541   usbd_msc_bot.o
         0          0         23          0          0     627577   usbd_msc_data.o
      1408         12          0          0          0      20360   usbd_msc_scsi.o
        38          0         36         32          0       4307   usbd_storage_if.o
        44         12          0         21          0       3256   user_diskio.o

    ----------------------------------------------------------------------
     15036        746        508        288      35048     832987   Object Totals
         0          0         32          0          0          0   (incl. Generated)
        26          0          1          1          4          0   (incl. Padding)

    ----------------------------------------------------------------------

      Code (inc. data)   RO Data    RW Data    ZI Data      Debug   Library Member Name

         0          0          0          0          0          0   entry.o
         0          0          0          0          0          0   entry10a.o
         0          0          0          0          0          0   entry11a.o
         8          4          0          0          0          0   entry2.o
         4          0          0          0          0          0   entry5.o
         0          0          0          0          0          0   entry7b.o
         0          0          0          0          0          0   entry8b.o
         8          4          0          0          0          0   entry9a.o
        30          0          0          0          0          0   handlers.o
        36          8          0          0          0         68   init.o
       188         20          0          0          0        160   malloc.o
        36          0          0          0          0         68   memcpya.o
         0          0          0          8          0          0   mvars.o

    ----------------------------------------------------------------------
       312         36          0          8          0        296   Library Totals
         2          0          0          0          0          0   (incl. Padding)

    ----------------------------------------------------------------------

      Code (inc. data)   RO Data    RW Data    ZI Data      Debug   Library Name

       310         36          0          8          0        296   mc_w.l

    ----------------------------------------------------------------------
       312         36          0          8          0        296   Library Totals

    ----------------------------------------------------------------------

==============================================================================


      Code (inc. data)   RO Data    RW Data    ZI Data      Debug   

     15348        782        508        296      35048     813983   Grand Totals
     15348        782        508        296      35048     813983   ELF Image Totals
     15348        782        508        296          0          0   ROM Totals

==============================================================================

    Total RO  Size (Code + RO Data)                15856 (  15.48kB)
    Total RW  Size (RW Data + ZI Data)             35344 (  34.52kB)
    Total ROM Size (Code + RO Data + RW Data)      16152 (  15.77kB)

==============================================================================

