<html>
<body>
<pre>
<h1>µVision Build Log</h1>
<h2>Tool Versions:</h2>
IDE-Version: ¦ÌVision V5.23.0.0
Copyright (C) 2017 ARM Ltd and ARM Germany GmbH. All rights reserved.
License Information: Zihan Dong, Anhui Polytechinc University, LIC=1WS45-GMJ6R-D0RN3-AMECX-GH9EZ-UU8WY
 
Tool Versions:
Toolchain:       MDK-ARM Professional  Version: 5.23
Toolchain Path:  D:\Keil_v5\ARM\ARMCC\Bin
C Compiler:      Armcc.exe V5.06 update 4 (build 422)
Assembler:       Armasm.exe V5.06 update 4 (build 422)
Linker/Locator:  ArmLink.exe V5.06 update 4 (build 422)
Library Manager: ArmAr.exe V5.06 update 4 (build 422)
Hex Converter:   FromElf.exe V5.06 update 4 (build 422)
CPU DLL:         SARMCM3.DLL V5.23
Dialog DLL:      DCM.DLL V1.15.0.0
Target DLL:      STLink\ST-LINKIII-KEIL_SWO.dll V2.0.18.0
Dialog DLL:      TCM.DLL V1.27.0.0
 
<h2>Project:</h2>
E:\syncthing\ElectricalEngineering\STM32Code\SWDProgTool\MDK-ARM\SWDProgTool.uvprojx
Project File Date:  11/07/2017

<h2>Output:</h2>
*** Using Compiler 'V5.06 update 4 (build 422)', folder: 'D:\Keil_v5\ARM\ARMCC\Bin'
Build target 'SWDProgTool'
compiling usbd_msc_data.c...
compiling usbd_core.c...
compiling usbd_msc_bot.c...
compiling usbd_ioreq.c...
compiling usbd_msc.c...
compiling usbd_msc_scsi.c...
compiling usbd_ctlreq.c...
compiling ff_gen_drv.c...
compiling syscall.c...
compiling diskio.c...
compiling system_stm32f4xx.c...
compiling cc936.c...
compiling stm32f4xx_hal_pcd.c...
compiling ff.c...
compiling stm32f4xx_hal_pcd_ex.c...
compiling stm32f4xx_hal_dma.c...
compiling stm32f4xx_hal_tim.c...
compiling stm32f4xx_hal_cortex.c...
compiling stm32f4xx_hal_flash.c...
compiling stm32f4xx_hal_rcc.c...
compiling stm32f4xx_ll_usb.c...
compiling stm32f4xx_hal_rtc_ex.c...
compiling stm32f4xx_hal_flash_ramfunc.c...
compiling stm32f4xx_hal_rng.c...
compiling stm32f4xx_hal_crc.c...
compiling stm32f4xx_hal_flash_ex.c...
compiling stm32f4xx_hal_spi.c...
compiling stm32f4xx_hal_uart.c...
compiling stm32f4xx_hal_tim_ex.c...
compiling stm32f4xx_hal_gpio.c...
compiling stm32f4xx_hal_rcc_ex.c...
compiling stm32f4xx_hal_rtc.c...
compiling stm32f4xx_hal_dma_ex.c...
compiling stm32f4xx_hal_pwr.c...
compiling stm32f4xx_hal.c...
compiling user_diskio.c...
compiling usbd_conf.c...
compiling fatfs.c...
compiling main.c...
assembling startup_stm32f405xx.s...
compiling stm32f4xx_hal_pwr_ex.c...
compiling usbd_desc.c...
compiling stm32f4xx_it.c...
compiling stm32f4xx_hal_msp.c...
compiling usb_device.c...
compiling usbd_storage_if.c...
linking...
Program Size: Code=15348 RO-data=508 RW-data=296 ZI-data=35048  
"SWDProgTool\SWDProgTool.axf" - 0 Error(s), 0 Warning(s).

<h2>Software Packages used:</h2>

Package Vendor: ARM
                http://www.keil.com/pack/ARM.CMSIS.5.0.1.pack
                ARM::CMSIS:CORE:5.0.1
                CMSIS (Cortex Microcontroller Software Interface Standard)
   * Component: CORE Version: 5.0.1

<h2>Collection of Component include folders:</h2>
  .\RTE\_SWDProgTool
  D:\Keil_v5\ARM\PACK\ARM\CMSIS\5.0.1\CMSIS\Include
  D:\Keil_v5\ARM\PACK\Keil\STM32F4xx_DFP\2.11.0\Drivers\CMSIS\Device\ST\STM32F4xx\Include

<h2>Collection of Component Files used:</h2>

   * Component: ARM::CMSIS:CORE:5.0.1
Build Time Elapsed:  00:00:45
</pre>
</body>
</html>
